\BOOKMARK [0][-]{chapter*.1}{\376\377\000G\000E\000N\000E\000R\000A\000L\000\040\000I\000N\000T\000R\000O\000D\000U\000C\000T\000I\000O\000N}{}% 1
\BOOKMARK [0][-]{chapter*.2}{\376\377\000C\000H\000A\000P\000T\000E\000R\000\040\0001\000:\000\040\000G\000E\000N\000E\000R\000A\000L\000\040\000P\000R\000O\000J\000E\000C\000T\000\040\000C\000O\000N\000T\000E\000X\000T}{}% 2
\BOOKMARK [1][-]{section*.3}{\376\377\000I\000n\000t\000r\000o\000d\000u\000c\000t\000i\000o\000n}{chapter*.2}% 3
\BOOKMARK [1][-]{section*.3}{\376\377\0001\000.\000\040\000P\000r\000o\000j\000e\000c\000t\000\040\000C\000o\000n\000t\000e\000x\000t}{chapter*.2}% 4
\BOOKMARK [2][-]{section*.4}{\376\377\0001\000.\0001\000\040\000P\000r\000e\000s\000e\000n\000t\000a\000t\000i\000o\000n\000\040\000o\000f\000\040\000t\000h\000e\000\040\000O\000r\000g\000a\000n\000i\000z\000a\000t\000i\000o\000n}{section*.3}% 5
\BOOKMARK [2][-]{figure.caption.5}{\376\377\0001\000.\0002\000\040\000P\000r\000o\000b\000l\000e\000m\000\040\000S\000t\000a\000t\000e\000m\000e\000n\000t}{section*.3}% 6
\BOOKMARK [2][-]{figure.caption.5}{\376\377\0001\000.\0003\000\040\000J\000u\000s\000t\000i\000f\000i\000c\000a\000t\000i\000o\000n}{section*.3}% 7
\BOOKMARK [1][-]{figure.caption.5}{\376\377\0002\000.\000\040\000E\000x\000i\000s\000t\000i\000n\000g\000\040\000S\000y\000s\000t\000e\000m\000\040\000A\000n\000a\000l\000y\000s\000i\000s}{chapter*.2}% 8
\BOOKMARK [2][-]{section*.6}{\376\377\0002\000.\0002\000\040\000C\000r\000i\000t\000i\000q\000u\000e\000\040\000o\000f\000\040\000t\000h\000e\000\040\000E\000x\000i\000s\000t\000i\000n\000g\000\040\000S\000y\000s\000t\000e\000m\000\040\000a\000n\000d\000\040\000P\000r\000o\000p\000o\000s\000e\000d\000\040\000S\000o\000l\000u\000t\000i\000o\000n}{figure.caption.5}% 9
\BOOKMARK [3][-]{section*.6}{\376\377\0002\000.\0002\000.\0001\000\040\000C\000r\000i\000t\000i\000q\000u\000e\000\040\000o\000f\000\040\000t\000h\000e\000\040\000E\000x\000i\000s\000t\000i\000n\000g\000\040\000S\000y\000s\000t\000e\000m}{figure.caption.5}% 10
\BOOKMARK [3][-]{section*.6}{\376\377\0002\000.\0002\000.\0002\000\040\000P\000r\000o\000p\000o\000s\000e\000d\000\040\000S\000o\000l\000u\000t\000i\000o\000n}{figure.caption.5}% 11
\BOOKMARK [1][-]{section*.6}{\376\377\0003\000.\000\040\000D\000e\000v\000e\000l\000o\000p\000m\000e\000n\000t\000\040\000M\000e\000t\000h\000o\000d\000o\000l\000o\000g\000y\000\040\000C\000h\000o\000i\000c\000e}{chapter*.2}% 12
\BOOKMARK [2][-]{section*.7}{\376\377\0003\000.\0001\000\040\000A\000g\000i\000l\000e\000\040\000M\000e\000t\000h\000o\000d}{section*.6}% 13
\BOOKMARK [2][-]{section*.7}{\376\377\0003\000.\0002\000\040\000S\000c\000r\000u\000m\000\040\000M\000e\000t\000h\000o\000d\000o\000l\000o\000g\000y}{section*.6}% 14
\BOOKMARK [2][-]{section*.7}{\376\377\000S\000C\000R\000U\000M\000\040\000A\000c\000t\000o\000r\000s}{section*.6}% 15
\BOOKMARK [3][-]{section*.8}{\376\377\000R\000o\000l\000e\000\040\000D\000i\000s\000t\000r\000i\000b\000u\000t\000i\000o\000n\000\040\000i\000n\000\040\000T\000h\000i\000s\000\040\000P\000r\000o\000j\000e\000c\000t}{section*.7}% 16
\BOOKMARK [2][-]{section*.8}{\376\377\0003\000.\0003\000\040\000P\000r\000o\000d\000u\000c\000t\000\040\000B\000a\000c\000k\000l\000o\000g}{section*.6}% 17
\BOOKMARK [3][-]{section*.9}{\376\377\000S\000p\000r\000i\000n\000t\000\040\000B\000a\000c\000k\000l\000o\000g}{section*.8}% 18
\BOOKMARK [1][-]{section*.9}{\376\377\0004\000.\000\040\000T\000e\000c\000h\000n\000o\000l\000o\000g\000y\000\040\000C\000h\000o\000i\000c\000e\000s}{chapter*.2}% 19
\BOOKMARK [2][-]{section*.10}{\376\377\0004\000.\0001\000\040\000S\000o\000f\000t\000w\000a\000r\000e\000\040\000T\000o\000o\000l\000s}{section*.9}% 20
\BOOKMARK [1][-]{figure.caption.17}{\376\377\000C\000o\000n\000c\000l\000u\000s\000i\000o\000n}{chapter*.2}% 21
