This is pdfTeX, Version 3.141592653-2.6-1.40.28 (MiKTeX 25.12) (preloaded format=pdflatex 2026.3.30)  2 JUN 2026 14:20
entering extended mode
 restricted \write18 enabled.
 file:line:error style messages enabled.
 %&-line parsing enabled.
**"c:/Users/MSI/Desktop/conception Portaille/rapport_pfe/main.tex"
(c:/Users/MSI/Desktop/conception Portaille/rapport_pfe/main.tex
LaTeX2e <2025-11-01>
L3 programming layer <2025-12-24>
(enetcom-pfe-report.cls (C:\Users\MSI\AppData\Local\Programs\MiKTeX\tex/latex/silence\silence.sty
Package: silence 2012/07/02 v1.5b Selective filtering of warnings and error messages
\sl@Save=\count275
\sl@StateNumber=\count276
\sl@MessageCount=\count277
\sl@Casualties=\count278
\sl@Filter=\toks17
\sl@Message=\toks18
\sl@UnexpandedMessage=\toks19
\sl@Mess@ge=\toks20
\sl@WarningCount=\count279
\sl@WarningNumber=\count280
\sl@WarningCasualties=\count281
\sl@TempBOW=\toks21
\sl@BankOfWarnings=\toks22
LaTeX Info: Redefining \GenericWarning on input line 433.
\sl@ErrorCount=\count282
\sl@ErrorNumber=\count283
\sl@ErrorCasualties=\count284
\sl@TempBOE=\toks23
\sl@BankOfErrors=\toks24
LaTeX Info: Redefining \GenericError on input line 601.
) (C:\Users\MSI\AppData\Local\Programs\MiKTeX\tex/latex/base\report.cls
Document Class: report 2025/01/22 v1.4n Standard LaTeX document class
(C:\Users\MSI\AppData\Local\Programs\MiKTeX\tex/latex/base\size12.clo
File: size12.clo 2025/01/22 v1.4n Standard LaTeX file (size option)
)
\c@part=\count285
\c@chapter=\count286
\c@section=\count287
\c@subsection=\count288
\c@subsubsection=\count289
\c@paragraph=\count290
\c@subparagraph=\count291
\c@figure=\count292
\c@table=\count293
\abovecaptionskip=\skip49
\belowcaptionskip=\skip50
\bibindent=\dimen148
) (C:\Users\MSI\AppData\Local\Programs\MiKTeX\tex/latex/geometry\geometry.sty
Package: geometry 2026/03/07 v6.0 Page Geometry
 (C:\Users\MSI\AppData\Local\Programs\MiKTeX\tex/latex/graphics\keyval.sty
Package: keyval 2022/05/29 v1.15 key=value parser (DPC)
\KV@toks@=\toks25
) (C:\Users\MSI\AppData\Local\Programs\MiKTeX\tex/generic/iftex\ifvtex.sty
Package: ifvtex 2019/10/25 v1.7 ifvtex legacy package. Use iftex instead.
 (C:\Users\MSI\AppData\Local\Programs\MiKTeX\tex/generic/iftex\iftex.sty
Package: iftex 2024/12/12 v1.0g TeX engine tests
))
\Gm@cnth=\count294
\Gm@cntv=\count295
\c@Gm@tempcnt=\count296
\Gm@bindingoffset=\dimen149
\Gm@wd@mp=\dimen150
\Gm@odd@mp=\dimen151
\Gm@even@mp=\dimen152
\Gm@layoutwidth=\dimen153
\Gm@layoutheight=\dimen154
\Gm@layouthoffset=\dimen155
\Gm@layoutvoffset=\dimen156
\Gm@dimlist=\toks26
 (C:\Users\MSI\AppData\Local\Programs\MiKTeX\tex/latex/geometry\geometry.cfg)) (C:\Users\MSI\AppData\Local\Programs\MiKTeX\tex/latex/environ\environ.sty
Package: environ 2014/05/04 v0.3 A new way to define environments
 (C:\Users\MSI\AppData\Local\Programs\MiKTeX\tex/latex/trimspaces\trimspaces.sty
Package: trimspaces 2009/09/17 v1.1 Trim spaces around a token list
)
\@envbody=\toks27
) (C:\Users\MSI\AppData\Local\Programs\MiKTeX\tex/latex/verse\verse.sty
Package: verse 2014/05/10 v2.4b verse typesetting
\c@vslineno=\count297
\c@poemline=\count298
\c@fvsline=\count299
\c@modulo@vs=\count300
\c@verse@envctr=\count301
\versewidth=\skip51
\vgap=\skip52
\vindent=\skip53
\stanzaskip=\skip54
\vleftskip=\skip55
\vrightskip=\skip56
\c@chrsinstr=\count302
\beforepoemtitleskip=\skip57
\afterpoemtitleskip=\skip58
) (C:\Users\MSI\AppData\Local\Programs\MiKTeX\tex/latex/xcolor\xcolor.sty
Package: xcolor 2024/09/29 v3.02 LaTeX color extensions (UK)
 (C:\Users\MSI\AppData\Local\Programs\MiKTeX\tex/latex/graphics-cfg\color.cfg
File: color.cfg 2016/01/02 v1.6 sample color configuration
)
Package xcolor Info: Driver file: pdftex.def on input line 274.
 (C:\Users\MSI\AppData\Local\Programs\MiKTeX\tex/latex/graphics-def\pdftex.def
File: pdftex.def 2025/09/29 v1.2d Graphics/color driver for pdftex
) (C:\Users\MSI\AppData\Local\Programs\MiKTeX\tex/latex/graphics\mathcolor.ltx)
Package xcolor Info: Model `cmy' substituted by `cmy0' on input line 1349.
Package xcolor Info: Model `hsb' substituted by `rgb' on input line 1353.
Package xcolor Info: Model `RGB' extended on input line 1365.
Package xcolor Info: Model `HTML' substituted by `rgb' on input line 1367.
Package xcolor Info: Model `Hsb' substituted by `hsb' on input line 1368.
Package xcolor Info: Model `tHsb' substituted by `hsb' on input line 1369.
Package xcolor Info: Model `HSB' substituted by `hsb' on input line 1370.
Package xcolor Info: Model `Gray' substituted by `gray' on input line 1371.
Package xcolor Info: Model `wave' substituted by `hsb' on input line 1372.
) (C:\Users\MSI\AppData\Local\Programs\MiKTeX\tex/latex/colortbl\colortbl.sty
Package: colortbl 2024/10/29 v1.0k Color table columns (DPC)
 (C:\Users\MSI\AppData\Local\Programs\MiKTeX\tex/latex/tools\array.sty
Package: array 2025/09/25 v2.6n Tabular extension package (FMi)
\col@sep=\dimen157
\ar@mcellbox=\box53
\extrarowheight=\dimen158
\NC@list=\toks28
\extratabsurround=\skip59
\backup@length=\skip60
\ar@cellbox=\box54
)
\everycr=\toks29
\minrowclearance=\skip61
\rownum=\count303
) (C:\Users\MSI\AppData\Local\Programs\MiKTeX\tex/latex/titlesec\titlesec.sty
Package: titlesec 2025/01/04 v2.17 Sectioning titles
\ttl@box=\box55
\beforetitleunit=\skip62
\aftertitleunit=\skip63
\ttl@plus=\dimen159
\ttl@minus=\dimen160
\ttl@toksa=\toks30
\titlewidth=\dimen161
\titlewidthlast=\dimen162
\titlewidthfirst=\dimen163
) (C:\Users\MSI\AppData\Local\Programs\MiKTeX\tex/latex/chngcntr\chngcntr.sty
Package: chngcntr 2018/04/09 v1.1a change counter resetting
Package chngcntr Info: \counterwithout already defined.
(chngcntr)             Quitting chngcntr on input line 21.
) (C:\Users\MSI\AppData\Local\Programs\MiKTeX\tex/latex/fancyhdr\fancyhdr.sty
Package: fancyhdr 2025/02/07 v5.2 Extensive control of page headers and footers
\f@nch@headwidth=\skip64
\f@nch@offset@elh=\skip65
\f@nch@offset@erh=\skip66
\f@nch@offset@olh=\skip67
\f@nch@offset@orh=\skip68
\f@nch@offset@elf=\skip69
\f@nch@offset@erf=\skip70
\f@nch@offset@olf=\skip71
\f@nch@offset@orf=\skip72
\f@nch@height=\skip73
\f@nch@footalignment=\skip74
\f@nch@widthL=\skip75
\f@nch@widthC=\skip76
\f@nch@widthR=\skip77
\@temptokenb=\toks31
) (C:\Users\MSI\AppData\Local\Programs\MiKTeX\tex/latex/caption\caption.sty
Package: caption 2023/08/05 v3.6o Customizing captions (AR)
 (C:\Users\MSI\AppData\Local\Programs\MiKTeX\tex/latex/caption\caption3.sty
Package: caption3 2023/07/31 v2.4d caption3 kernel (AR)
\caption@tempdima=\dimen164
\captionmargin=\dimen165
\caption@leftmargin=\dimen166
\caption@rightmargin=\dimen167
\caption@width=\dimen168
\caption@indent=\dimen169
\caption@parindent=\dimen170
\caption@hangindent=\dimen171
Package caption Info: Standard document class detected.
)
\c@caption@flags=\count304
\c@continuedfloat=\count305
) (C:\Users\MSI\AppData\Local\Programs\MiKTeX\tex/latex/caption\subcaption.sty
Package: subcaption 2023/07/28 v1.6b Sub-captions (AR)
Package caption Info: New subtype `subfigure' on input line 238.
\c@subfigure=\count306
Package caption Info: New subtype `subtable' on input line 238.
\c@subtable=\count307
) (C:\Users\MSI\AppData\Local\Programs\MiKTeX\tex/latex/hyperref\hyperref.sty
Package: hyperref 2025-07-12 v7.01o Hypertext links for LaTeX
 (C:\Users\MSI\AppData\Local\Programs\MiKTeX\tex/latex/kvsetkeys\kvsetkeys.sty
Package: kvsetkeys 2022-10-05 v1.19 Key value parser (HO)
) (C:\Users\MSI\AppData\Local\Programs\MiKTeX\tex/generic/kvdefinekeys\kvdefinekeys.sty
Package: kvdefinekeys 2019-12-19 v1.6 Define keys (HO)
) (C:\Users\MSI\AppData\Local\Programs\MiKTeX\tex/generic/pdfescape\pdfescape.sty
Package: pdfescape 2019/12/09 v1.15 Implements pdfTeX's escape features (HO)
 (C:\Users\MSI\AppData\Local\Programs\MiKTeX\tex/generic/ltxcmds\ltxcmds.sty
Package: ltxcmds 2023-12-04 v1.26 LaTeX kernel commands for general use (HO)
) (C:\Users\MSI\AppData\Local\Programs\MiKTeX\tex/generic/pdftexcmds\pdftexcmds.sty
Package: pdftexcmds 2020-06-27 v0.33 Utility functions of pdfTeX for LuaTeX (HO)
 (C:\Users\MSI\AppData\Local\Programs\MiKTeX\tex/generic/infwarerr\infwarerr.sty
Package: infwarerr 2019/12/03 v1.5 Providing info/warning/error messages (HO)
)
Package pdftexcmds Info: \pdf@primitive is available.
Package pdftexcmds Info: \pdf@ifprimitive is available.
Package pdftexcmds Info: \pdfdraftmode found.
)) (C:\Users\MSI\AppData\Local\Programs\MiKTeX\tex/latex/hycolor\hycolor.sty
Package: hycolor 2020-01-27 v1.10 Color options for hyperref/bookmark (HO)
) (C:\Users\MSI\AppData\Local\Programs\MiKTeX\tex/latex/hyperref\nameref.sty
Package: nameref 2025-06-21 v2.57 Cross-referencing by name of section
 (C:\Users\MSI\AppData\Local\Programs\MiKTeX\tex/latex/refcount\refcount.sty
Package: refcount 2019/12/15 v3.6 Data extraction from label references (HO)
) (C:\Users\MSI\AppData\Local\Programs\MiKTeX\tex/generic/gettitlestring\gettitlestring.sty
Package: gettitlestring 2019/12/15 v1.6 Cleanup title references (HO)
 (C:\Users\MSI\AppData\Local\Programs\MiKTeX\tex/latex/kvoptions\kvoptions.sty
Package: kvoptions 2022-06-15 v3.15 Key value format for package options (HO)
))
\c@section@level=\count308
) (C:\Users\MSI\AppData\Local\Programs\MiKTeX\tex/latex/etoolbox\etoolbox.sty
Package: etoolbox 2025/10/02 v2.5m e-TeX tools for LaTeX (JAW)
\etb@tempcnta=\count309
) (C:\Users\MSI\AppData\Local\Programs\MiKTeX\tex/generic/stringenc\stringenc.sty
Package: stringenc 2019/11/29 v1.12 Convert strings between diff. encodings (HO)
)
\@linkdim=\dimen172
\Hy@linkcounter=\count310
\Hy@pagecounter=\count311
 (C:\Users\MSI\AppData\Local\Programs\MiKTeX\tex/latex/hyperref\pd1enc.def
File: pd1enc.def 2025-07-12 v7.01o Hyperref: PDFDocEncoding definition (HO)
Now handling font encoding PD1 ...
... no UTF-8 mapping file for font encoding PD1
) (C:\Users\MSI\AppData\Local\Programs\MiKTeX\tex/generic/intcalc\intcalc.sty
Package: intcalc 2019/12/15 v1.3 Expandable calculations with integers (HO)
)
\Hy@SavedSpaceFactor=\count312
 (C:\Users\MSI\AppData\Local\Programs\MiKTeX\tex/latex/hyperref\puenc.def
File: puenc.def 2025-07-12 v7.01o Hyperref: PDF Unicode definition (HO)
Now handling font encoding PU ...
... no UTF-8 mapping file for font encoding PU
)
Package hyperref Info: Hyper figures OFF on input line 4195.
Package hyperref Info: Link nesting OFF on input line 4200.
Package hyperref Info: Hyper index ON on input line 4203.
Package hyperref Info: Plain pages OFF on input line 4210.
Package hyperref Info: Backreferencing OFF on input line 4215.
Package hyperref Info: Implicit mode ON; LaTeX internals redefined.
Package hyperref Info: Bookmarks ON on input line 4462.
\c@Hy@tempcnt=\count313
 (C:\Users\MSI\AppData\Local\Programs\MiKTeX\tex/latex/url\url.sty
\Urlmuskip=\muskip17
Package: url 2013/09/16  ver 3.4  Verb mode for urls, etc.
)
LaTeX Info: Redefining \url on input line 4801.
\XeTeXLinkMargin=\dimen173
 (C:\Users\MSI\AppData\Local\Programs\MiKTeX\tex/generic/bitset\bitset.sty
Package: bitset 2019/12/09 v1.3 Handle bit-vector datatype (HO)
 (C:\Users\MSI\AppData\Local\Programs\MiKTeX\tex/generic/bigintcalc\bigintcalc.sty
Package: bigintcalc 2019/12/15 v1.5 Expandable calculations on big integers (HO)
))
\Fld@menulength=\count314
\Field@Width=\dimen174
\Fld@charsize=\dimen175
Package hyperref Info: Hyper figures OFF on input line 6078.
Package hyperref Info: Link nesting OFF on input line 6083.
Package hyperref Info: Hyper index ON on input line 6086.
Package hyperref Info: backreferencing OFF on input line 6093.
Package hyperref Info: Link coloring OFF on input line 6098.
Package hyperref Info: Link coloring with OCG OFF on input line 6103.
Package hyperref Info: PDF/A mode OFF on input line 6108.
\Hy@abspage=\count315
\c@Item=\count316
\c@Hfootnote=\count317
)
Package hyperref Info: Driver (autodetected): hpdftex.
 (C:\Users\MSI\AppData\Local\Programs\MiKTeX\tex/latex/hyperref\hpdftex.def
File: hpdftex.def 2025-07-12 v7.01o Hyperref driver for pdfTeX
\Fld@listcount=\count318
\c@bookmark@seq@number=\count319
 (C:\Users\MSI\AppData\Local\Programs\MiKTeX\tex/latex/rerunfilecheck\rerunfilecheck.sty
Package: rerunfilecheck 2025-06-21 v1.11 Rerun checks for auxiliary files (HO)
 (C:\Users\MSI\AppData\Local\Programs\MiKTeX\tex/generic/uniquecounter\uniquecounter.sty
Package: uniquecounter 2019/12/15 v1.4 Provide unlimited unique counter (HO)
)
Package uniquecounter Info: New unique counter `rerunfilecheck' on input line 284.
)
\Hy@SectionHShift=\skip78
) (C:\Users\MSI\AppData\Local\Programs\MiKTeX\tex/latex/needspace\needspace.sty
Package: needspace 2025/03/13 v1.3e reserve vertical space
) (C:\Users\MSI\AppData\Local\Programs\MiKTeX\tex/latex/pdfpages\pdfpages.sty
Package: pdfpages 2025/07/23 v0.6g Insert pages of external PDF documents (AM)
 (C:\Users\MSI\AppData\Local\Programs\MiKTeX\tex/latex/base\ifthen.sty
Package: ifthen 2024/03/16 v1.1e Standard LaTeX ifthen package (DPC)
) (C:\Users\MSI\AppData\Local\Programs\MiKTeX\tex/latex/tools\calc.sty
Package: calc 2025/03/01 v4.3b Infix arithmetic (KKT,FJ)
\calc@Acount=\count320
\calc@Bcount=\count321
\calc@Adimen=\dimen176
\calc@Bdimen=\dimen177
\calc@Askip=\skip79
\calc@Bskip=\skip80
LaTeX Info: Redefining \setlength on input line 86.
LaTeX Info: Redefining \addtolength on input line 87.
\calc@Ccount=\count322
\calc@Cskip=\skip81
) (C:\Users\MSI\AppData\Local\Programs\MiKTeX\tex/latex/eso-pic\eso-pic.sty
Package: eso-pic 2025/12/10 v3.0d eso-pic (RN)
\ESO@tempdima=\dimen178
\ESO@tempdimb=\dimen179
) (C:\Users\MSI\AppData\Local\Programs\MiKTeX\tex/latex/graphics\graphicx.sty
Package: graphicx 2024/12/31 v1.2e Enhanced LaTeX Graphics (DPC,SPQR)
 (C:\Users\MSI\AppData\Local\Programs\MiKTeX\tex/latex/graphics\graphics.sty
Package: graphics 2024/08/06 v1.4g Standard LaTeX Graphics (DPC,SPQR)
 (C:\Users\MSI\AppData\Local\Programs\MiKTeX\tex/latex/graphics\trig.sty
Package: trig 2023/12/02 v1.11 sin cos tan (DPC)
) (C:\Users\MSI\AppData\Local\Programs\MiKTeX\tex/latex/graphics-cfg\graphics.cfg
File: graphics.cfg 2016/06/04 v1.11 sample graphics configuration
)
Package graphics Info: Driver file: pdftex.def on input line 106.
)
\Gin@req@height=\dimen180
\Gin@req@width=\dimen181
)
\AM@pagewidth=\dimen182
\AM@pageheight=\dimen183
\AM@fboxrule=\dimen184
 (C:\Users\MSI\AppData\Local\Programs\MiKTeX\tex/latex/pdfpages\pppdftex.def
File: pppdftex.def 2025/07/23 v0.6g Pdfpages driver for pdfTeX (AM)
)
\pdfpages@includegraphics@status=\count323
\AM@pagebox=\box56
\AM@global@opts=\toks32
\AM@pagecnt=\count324
\AM@toc@title=\toks33
\AM@lof@heading=\toks34
\c@AM@survey=\count325
\AM@templatesizebox=\box57
) (C:\Users\MSI\AppData\Local\Programs\MiKTeX\tex/latex/enumitem\enumitem.sty
Package: enumitem 2025/02/06 v3.11 Customized lists
\labelindent=\skip82
\enit@outerparindent=\dimen185
\enit@toks=\toks35
\enit@inbox=\box58
\enit@count@id=\count326
\enitdp@description=\count327
) (C:\Users\MSI\AppData\Local\Programs\MiKTeX\tex/latex/footmisc\footmisc.sty
Package: footmisc 2025/05/09 v7.0b a miscellany of footnote facilities
\FN@temptoken=\toks36
\footnotemargin=\dimen186
Package footmisc Info: Declaring symbol style bringhurst on input line 549.
Package footmisc Info: Declaring symbol style chicago on input line 557.
Package footmisc Info: Declaring symbol style wiley on input line 566.
Package footmisc Info: Declaring symbol style lamport-robust on input line 577.
Package footmisc Info: Declaring symbol style lamport* on input line 597.
Package footmisc Info: Declaring symbol style lamport*-robust on input line 618.
) (C:\Users\MSI\AppData\Local\Programs\MiKTeX\tex/generic/babel\babel.sty
Package: babel 2025/12/11 v25.17 The multilingual framework for LuaLaTeX, pdfLaTeX and XeLaTeX
\babel@savecnt=\count328
LaTeX Encoding Info:    Redeclaring text command \ij (encoding OT1) on input line 2068.
LaTeX Encoding Info:    Redeclaring text command \IJ (encoding OT1) on input line 2070.
LaTeX Encoding Info:    Redeclaring text command \ij (encoding T1) on input line 2072.
LaTeX Encoding Info:    Redeclaring text command \IJ (encoding T1) on input line 2073.
LaTeX Encoding Info:    Ignoring declaration for text command \ij (encoding ?) on input line 2074.
LaTeX Encoding Info:    Ignoring declaration for text command \IJ (encoding ?) on input line 2076.
LaTeX Encoding Info:    Ignoring declaration for text command \SS (encoding ?) on input line 2101.
\U@D=\dimen187
\l@unhyphenated=\language79
 (C:\Users\MSI\AppData\Local\Programs\MiKTeX\tex/generic/babel\txtbabel.def)
\bbl@readstream=\read2
\bbl@dirlevel=\count329
Package babel Info: Configuration files are deprecated, as
(babel)             they can break document portability.
(babel)             Reported on input line 4196.

*************************************
* Local config file bblopts.cfg used
*
(C:\Users\MSI\AppData\Local\Programs\MiKTeX\tex/latex/arabi\bblopts.cfg
File: bblopts.cfg 2005/09/08 v0.1 add Arabic and Farsi to "declared" options of babel
) (C:\Users\MSI\AppData\Local\Programs\MiKTeX\tex/generic/babel/locale/fr\babel-french.tex)
Package babel Info: Importing font and identification data for french
(babel)             from babel-fr.ini. Reported on input line 4320.
 (C:\Users\MSI\AppData\Local\Programs\MiKTeX\tex/generic/babel-french\french.ldf
Language: french 2025-08-15 v4.0e French support from the babel system
 (C:\Users\MSI\AppData\Local\Programs\MiKTeX\tex/generic/babel-french\french3.ldf
Language: french 2025-08-15 v3.7e French support from the babel system
\FB@stdchar=\count330
Package babel Info: Making : an active character on input line 273.
Package babel Info: Making ; an active character on input line 274.
Package babel Info: Making ! an active character on input line 275.
Package babel Info: Making ? an active character on input line 276.
\FBguill@level=\count331
\FBold@everypar=\toks37
\FB@Mht=\dimen188
\mc@charclass=\count332
\mc@charfam=\count333
\mc@charslot=\count334
\std@mcc=\count335
\dec@mcc=\count336
\FB@pardim=\dimen189
\listindentFB=\dimen190
\descindentFB=\dimen191
\labelindentFB=\dimen192
\labelwidthFB=\dimen193
\leftmarginFB=\dimen194
\parindentFFN=\dimen195
\FBfnindent=\dimen196
))) (C:\Users\MSI\AppData\Local\Programs\MiKTeX\tex/latex/carlisle\scalefnt.sty) (C:\Users\MSI\AppData\Local\Programs\MiKTeX\tex/latex/tools\varioref.sty
Package: varioref 2025/01/14 v1.6g package for extended references (FMi)
\c@vrcnt=\count337
) (C:\Users\MSI\AppData\Local\Programs\MiKTeX\tex/latex/acronym\acronym.sty
Package: acronym 2025/01/17 v1.50 Support for acronyms (Tobias Oetiker)
 (C:\Users\MSI\AppData\Local\Programs\MiKTeX\tex/latex/bigfoot\suffix.sty
Package: suffix 2006/07/15 1.5a Variant command support
) (C:\Users\MSI\AppData\Local\Programs\MiKTeX\tex/latex/xstring\xstring.sty (C:\Users\MSI\AppData\Local\Programs\MiKTeX\tex/generic/xstring\xstring.tex
\xs_counta=\count338
\xs_countb=\count339
)
Package: xstring 2023/08/22 v1.86 String manipulations (CT)
)
\AC@clearlist=\toks38
) (C:\Users\MSI\AppData\Local\Programs\MiKTeX\tex/latex/minitoc\minitoc.sty
Package: minitoc 2018/07/12 v62 Package minitoc
 (C:\Users\MSI\AppData\Local\Programs\MiKTeX\tex/latex/minitoc\mtcmess.sty
Package: mtcmess 2006/03/14
)
Package minitoc Info: I0001
(minitoc)             *** minitoc package, version 62 ***.
\tf@mtc=\write3
\mtcindent=\skip83
\mtcskipamount=\skip84
Package minitoc Info: I0005
(minitoc)             compatible with hyperref.
Package minitoc Info: I0023
(minitoc)             part level macros available.
Package minitoc Info: I0003
(minitoc)             chapter level macros available.
\mtc@toks=\toks39
\mtc@strutbox=\box59
\mtc@hstrutbox=\box60
Package minitoc Info: I0002
(minitoc)             Autoconfiguration of extensions.
\openout3 = `main.mtc0'.

\openout3 = `main.mtc'.

 (main.mtc0)
Package minitoc Info: I0012
(minitoc)             Long extensions (Unix-like) will be used.
Package minitoc Info: I0031
(minitoc)             ==> this version is configured for UNIX-like 
(minitoc)                 (long extensions) file names.
\openout3 = `main.mtc'.

\openout3 = `main.mtc0'.

\c@mtc=\count340
\c@minitocdepth=\count341
\c@ptc=\count342
\c@parttocdepth=\count343
\ptcindent=\skip85
Package minitoc Info: I0010
(minitoc)             The english language is selected.
(minitoc)              on input line 4910.
 (C:\Users\MSI\AppData\Local\Programs\MiKTeX\tex/latex/minitoc\english.mld
File: english.mld 2006/01/13
) (C:\Users\MSI\AppData\Local\Programs\MiKTeX\tex/latex/minitoc\english.mld
File: english.mld 2006/01/13
)
Package minitoc Info: I0010
(minitoc)             The french language is selected.
(minitoc)              on input line 4911.
 (C:\Users\MSI\AppData\Local\Programs\MiKTeX\tex/latex/minitoc\french.mld
File: french.mld 2006/03/21
))
Package minitoc Info: I0017
(minitoc)             \mtcsettitle redefines the macro 
(minitoc)             "mtctitle" as 
(minitoc)             "Plan" on input line 28.
Package minitoc Info: I0007
(minitoc)             Horizontal rules are activated 
(minitoc)             for the minitocs on input line 30.
Package minitoc Info: I0052
(minitoc)             \mtcsetoffset redefines 
(minitoc)             "mtcoffset" as "0em" on input line 31.
 (C:\Users\MSI\AppData\Local\Programs\MiKTeX\tex/latex/base\inputenc.sty
Package: inputenc 2024/02/08 v1.3d Input encoding file
\inpenc@prehook=\toks40
\inpenc@posthook=\toks41
) (C:\Users\MSI\AppData\Local\Programs\MiKTeX\tex/latex/base\fontenc.sty
Package: fontenc 2025/07/18 v2.1d Standard LaTeX package
) (C:\Users\MSI\AppData\Local\Programs\MiKTeX\tex/latex/tcolorbox\tcolorbox.sty
Package: tcolorbox 2025/11/28 version 6.9.0 text color boxes
 (C:\Users\MSI\AppData\Local\Programs\MiKTeX\tex/latex/pgf/frontendlayer\tikz.sty (C:\Users\MSI\AppData\Local\Programs\MiKTeX\tex/latex/pgf/basiclayer\pgf.sty (C:\Users\MSI\AppData\Local\Programs\MiKTeX\tex/latex/pgf/utilities\pgfrcs.sty (C:\Users\MSI\AppData\Local\Programs\MiKTeX\tex/generic/pgf/utilities\pgfutil-common.tex
\pgfutil@everybye=\toks42
\pgfutil@tempdima=\dimen197
\pgfutil@tempdimb=\dimen198
) (C:\Users\MSI\AppData\Local\Programs\MiKTeX\tex/generic/pgf/utilities\pgfutil-latex.def
\pgfutil@abb=\box61
) (C:\Users\MSI\AppData\Local\Programs\MiKTeX\tex/generic/pgf/utilities\pgfrcs.code.tex (C:\Users\MSI\AppData\Local\Programs\MiKTeX\tex/generic/pgf\pgf.revision.tex)
Package: pgfrcs 2025-08-29 v3.1.11a (3.1.11a)
))
Package: pgf 2025-08-29 v3.1.11a (3.1.11a)
 (C:\Users\MSI\AppData\Local\Programs\MiKTeX\tex/latex/pgf/basiclayer\pgfcore.sty (C:\Users\MSI\AppData\Local\Programs\MiKTeX\tex/latex/pgf/systemlayer\pgfsys.sty (C:\Users\MSI\AppData\Local\Programs\MiKTeX\tex/generic/pgf/systemlayer\pgfsys.code.tex
Package: pgfsys 2025-08-29 v3.1.11a (3.1.11a)
 (C:\Users\MSI\AppData\Local\Programs\MiKTeX\tex/generic/pgf/utilities\pgfkeys.code.tex
\pgfkeys@pathtoks=\toks43
\pgfkeys@temptoks=\toks44
 (C:\Users\MSI\AppData\Local\Programs\MiKTeX\tex/generic/pgf/utilities\pgfkeyslibraryfiltered.code.tex
\pgfkeys@tmptoks=\toks45
))
\pgf@x=\dimen199
\pgf@y=\dimen256
\pgf@xa=\dimen257
\pgf@ya=\dimen258
\pgf@xb=\dimen259
\pgf@yb=\dimen260
\pgf@xc=\dimen261
\pgf@yc=\dimen262
\pgf@xd=\dimen263
\pgf@yd=\dimen264
\w@pgf@writea=\write4
\r@pgf@reada=\read3
\c@pgf@counta=\count344
\c@pgf@countb=\count345
\c@pgf@countc=\count346
\c@pgf@countd=\count347
\t@pgf@toka=\toks46
\t@pgf@tokb=\toks47
\t@pgf@tokc=\toks48
\pgf@sys@id@count=\count348
 (C:\Users\MSI\AppData\Local\Programs\MiKTeX\tex/generic/pgf/systemlayer\pgf.cfg
File: pgf.cfg 2025-08-29 v3.1.11a (3.1.11a)
)
Driver file for pgf: pgfsys-pdftex.def
 (C:\Users\MSI\AppData\Local\Programs\MiKTeX\tex/generic/pgf/systemlayer\pgfsys-pdftex.def
File: pgfsys-pdftex.def 2025-08-29 v3.1.11a (3.1.11a)
 (C:\Users\MSI\AppData\Local\Programs\MiKTeX\tex/generic/pgf/systemlayer\pgfsys-common-pdf.def
File: pgfsys-common-pdf.def 2025-08-29 v3.1.11a (3.1.11a)
))) (C:\Users\MSI\AppData\Local\Programs\MiKTeX\tex/generic/pgf/systemlayer\pgfsyssoftpath.code.tex
File: pgfsyssoftpath.code.tex 2025-08-29 v3.1.11a (3.1.11a)
\pgfsyssoftpath@smallbuffer@items=\count349
\pgfsyssoftpath@bigbuffer@items=\count350
) (C:\Users\MSI\AppData\Local\Programs\MiKTeX\tex/generic/pgf/systemlayer\pgfsysprotocol.code.tex
File: pgfsysprotocol.code.tex 2025-08-29 v3.1.11a (3.1.11a)
)) (C:\Users\MSI\AppData\Local\Programs\MiKTeX\tex/generic/pgf/basiclayer\pgfcore.code.tex
Package: pgfcore 2025-08-29 v3.1.11a (3.1.11a)
 (C:\Users\MSI\AppData\Local\Programs\MiKTeX\tex/generic/pgf/math\pgfmath.code.tex (C:\Users\MSI\AppData\Local\Programs\MiKTeX\tex/generic/pgf/math\pgfmathutil.code.tex) (C:\Users\MSI\AppData\Local\Programs\MiKTeX\tex/generic/pgf/math\pgfmathparser.code.tex
\pgfmath@dimen=\dimen265
\pgfmath@count=\count351
\pgfmath@box=\box62
\pgfmath@toks=\toks49
\pgfmath@stack@operand=\toks50
\pgfmath@stack@operation=\toks51
) (C:\Users\MSI\AppData\Local\Programs\MiKTeX\tex/generic/pgf/math\pgfmathfunctions.code.tex) (C:\Users\MSI\AppData\Local\Programs\MiKTeX\tex/generic/pgf/math\pgfmathfunctions.basic.code.tex) (C:\Users\MSI\AppData\Local\Programs\MiKTeX\tex/generic/pgf/math\pgfmathfunctions.trigonometric.code.tex) (C:\Users\MSI\AppData\Local\Programs\MiKTeX\tex/generic/pgf/math\pgfmathfunctions.random.code.tex) (C:\Users\MSI\AppData\Local\Programs\MiKTeX\tex/generic/pgf/math\pgfmathfunctions.comparison.code.tex) (C:\Users\MSI\AppData\Local\Programs\MiKTeX\tex/generic/pgf/math\pgfmathfunctions.base.code.tex) (C:\Users\MSI\AppData\Local\Programs\MiKTeX\tex/generic/pgf/math\pgfmathfunctions.round.code.tex) (C:\Users\MSI\AppData\Local\Programs\MiKTeX\tex/generic/pgf/math\pgfmathfunctions.misc.code.tex) (C:\Users\MSI\AppData\Local\Programs\MiKTeX\tex/generic/pgf/math\pgfmathfunctions.integerarithmetics.code.tex) (C:\Users\MSI\AppData\Local\Programs\MiKTeX\tex/generic/pgf/math\pgfmathcalc.code.tex) (C:\Users\MSI\AppData\Local\Programs\MiKTeX\tex/generic/pgf/math\pgfmathfloat.code.tex
\c@pgfmathroundto@lastzeros=\count352
)) (C:\Users\MSI\AppData\Local\Programs\MiKTeX\tex/generic/pgf/math\pgfint.code.tex) (C:\Users\MSI\AppData\Local\Programs\MiKTeX\tex/generic/pgf/basiclayer\pgfcorepoints.code.tex
File: pgfcorepoints.code.tex 2025-08-29 v3.1.11a (3.1.11a)
\pgf@picminx=\dimen266
\pgf@picmaxx=\dimen267
\pgf@picminy=\dimen268
\pgf@picmaxy=\dimen269
\pgf@pathminx=\dimen270
\pgf@pathmaxx=\dimen271
\pgf@pathminy=\dimen272
\pgf@pathmaxy=\dimen273
\pgf@xx=\dimen274
\pgf@xy=\dimen275
\pgf@yx=\dimen276
\pgf@yy=\dimen277
\pgf@zx=\dimen278
\pgf@zy=\dimen279
) (C:\Users\MSI\AppData\Local\Programs\MiKTeX\tex/generic/pgf/basiclayer\pgfcorepathconstruct.code.tex
File: pgfcorepathconstruct.code.tex 2025-08-29 v3.1.11a (3.1.11a)
\pgf@path@lastx=\dimen280
\pgf@path@lasty=\dimen281
) (C:\Users\MSI\AppData\Local\Programs\MiKTeX\tex/generic/pgf/basiclayer\pgfcorepathusage.code.tex
File: pgfcorepathusage.code.tex 2025-08-29 v3.1.11a (3.1.11a)
\pgf@shorten@end@additional=\dimen282
\pgf@shorten@start@additional=\dimen283
) (C:\Users\MSI\AppData\Local\Programs\MiKTeX\tex/generic/pgf/basiclayer\pgfcorescopes.code.tex
File: pgfcorescopes.code.tex 2025-08-29 v3.1.11a (3.1.11a)
\pgfpic=\box63
\pgf@hbox=\box64
\pgf@layerbox@main=\box65
\pgf@picture@serial@count=\count353
) (C:\Users\MSI\AppData\Local\Programs\MiKTeX\tex/generic/pgf/basiclayer\pgfcoregraphicstate.code.tex
File: pgfcoregraphicstate.code.tex 2025-08-29 v3.1.11a (3.1.11a)
\pgflinewidth=\dimen284
) (C:\Users\MSI\AppData\Local\Programs\MiKTeX\tex/generic/pgf/basiclayer\pgfcoretransformations.code.tex
File: pgfcoretransformations.code.tex 2025-08-29 v3.1.11a (3.1.11a)
\pgf@pt@x=\dimen285
\pgf@pt@y=\dimen286
\pgf@pt@temp=\dimen287
) (C:\Users\MSI\AppData\Local\Programs\MiKTeX\tex/generic/pgf/basiclayer\pgfcorequick.code.tex
File: pgfcorequick.code.tex 2025-08-29 v3.1.11a (3.1.11a)
) (C:\Users\MSI\AppData\Local\Programs\MiKTeX\tex/generic/pgf/basiclayer\pgfcoreobjects.code.tex
File: pgfcoreobjects.code.tex 2025-08-29 v3.1.11a (3.1.11a)
) (C:\Users\MSI\AppData\Local\Programs\MiKTeX\tex/generic/pgf/basiclayer\pgfcorepathprocessing.code.tex
File: pgfcorepathprocessing.code.tex 2025-08-29 v3.1.11a (3.1.11a)
) (C:\Users\MSI\AppData\Local\Programs\MiKTeX\tex/generic/pgf/basiclayer\pgfcorearrows.code.tex
File: pgfcorearrows.code.tex 2025-08-29 v3.1.11a (3.1.11a)
\pgfarrowsep=\dimen288
) (C:\Users\MSI\AppData\Local\Programs\MiKTeX\tex/generic/pgf/basiclayer\pgfcoreshade.code.tex
File: pgfcoreshade.code.tex 2025-08-29 v3.1.11a (3.1.11a)
\pgf@max=\dimen289
\pgf@sys@shading@range@num=\count354
\pgf@shadingcount=\count355
) (C:\Users\MSI\AppData\Local\Programs\MiKTeX\tex/generic/pgf/basiclayer\pgfcoreimage.code.tex
File: pgfcoreimage.code.tex 2025-08-29 v3.1.11a (3.1.11a)
) (C:\Users\MSI\AppData\Local\Programs\MiKTeX\tex/generic/pgf/basiclayer\pgfcoreexternal.code.tex
File: pgfcoreexternal.code.tex 2025-08-29 v3.1.11a (3.1.11a)
\pgfexternal@startupbox=\box66
) (C:\Users\MSI\AppData\Local\Programs\MiKTeX\tex/generic/pgf/basiclayer\pgfcorelayers.code.tex
File: pgfcorelayers.code.tex 2025-08-29 v3.1.11a (3.1.11a)
) (C:\Users\MSI\AppData\Local\Programs\MiKTeX\tex/generic/pgf/basiclayer\pgfcoretransparency.code.tex
File: pgfcoretransparency.code.tex 2025-08-29 v3.1.11a (3.1.11a)
) (C:\Users\MSI\AppData\Local\Programs\MiKTeX\tex/generic/pgf/basiclayer\pgfcorepatterns.code.tex
File: pgfcorepatterns.code.tex 2025-08-29 v3.1.11a (3.1.11a)
) (C:\Users\MSI\AppData\Local\Programs\MiKTeX\tex/generic/pgf/basiclayer\pgfcorerdf.code.tex
File: pgfcorerdf.code.tex 2025-08-29 v3.1.11a (3.1.11a)
))) (C:\Users\MSI\AppData\Local\Programs\MiKTeX\tex/generic/pgf/modules\pgfmoduleshapes.code.tex
File: pgfmoduleshapes.code.tex 2025-08-29 v3.1.11a (3.1.11a)
\pgfnodeparttextbox=\box67
) (C:\Users\MSI\AppData\Local\Programs\MiKTeX\tex/generic/pgf/modules\pgfmoduleplot.code.tex
File: pgfmoduleplot.code.tex 2025-08-29 v3.1.11a (3.1.11a)
) (C:\Users\MSI\AppData\Local\Programs\MiKTeX\tex/latex/pgf/compatibility\pgfcomp-version-0-65.sty
Package: pgfcomp-version-0-65 2025-08-29 v3.1.11a (3.1.11a)
\pgf@nodesepstart=\dimen290
\pgf@nodesepend=\dimen291
) (C:\Users\MSI\AppData\Local\Programs\MiKTeX\tex/latex/pgf/compatibility\pgfcomp-version-1-18.sty
Package: pgfcomp-version-1-18 2025-08-29 v3.1.11a (3.1.11a)
)) (C:\Users\MSI\AppData\Local\Programs\MiKTeX\tex/latex/pgf/utilities\pgffor.sty (C:\Users\MSI\AppData\Local\Programs\MiKTeX\tex/latex/pgf/utilities\pgfkeys.sty (C:\Users\MSI\AppData\Local\Programs\MiKTeX\tex/generic/pgf/utilities\pgfkeys.code.tex)) (C:\Users\MSI\AppData\Local\Programs\MiKTeX\tex/latex/pgf/math\pgfmath.sty (C:\Users\MSI\AppData\Local\Programs\MiKTeX\tex/generic/pgf/math\pgfmath.code.tex)) (C:\Users\MSI\AppData\Local\Programs\MiKTeX\tex/generic/pgf/utilities\pgffor.code.tex
Package: pgffor 2025-08-29 v3.1.11a (3.1.11a)
\pgffor@iter=\dimen292
\pgffor@skip=\dimen293
\pgffor@stack=\toks52
\pgffor@toks=\toks53
)) (C:\Users\MSI\AppData\Local\Programs\MiKTeX\tex/generic/pgf/frontendlayer/tikz\tikz.code.tex
Package: tikz 2025-08-29 v3.1.11a (3.1.11a)
 (C:\Users\MSI\AppData\Local\Programs\MiKTeX\tex/generic/pgf/libraries\pgflibraryplothandlers.code.tex
File: pgflibraryplothandlers.code.tex 2025-08-29 v3.1.11a (3.1.11a)
\pgf@plot@mark@count=\count356
\pgfplotmarksize=\dimen294
)
\tikz@lastx=\dimen295
\tikz@lasty=\dimen296
\tikz@lastxsaved=\dimen297
\tikz@lastysaved=\dimen298
\tikz@lastmovetox=\dimen299
\tikz@lastmovetoy=\dimen300
\tikzleveldistance=\dimen301
\tikzsiblingdistance=\dimen302
\tikz@figbox=\box68
\tikz@figbox@bg=\box69
\tikz@tempbox=\box70
\tikz@tempbox@bg=\box71
\tikztreelevel=\count357
\tikznumberofchildren=\count358
\tikznumberofcurrentchild=\count359
\tikz@fig@count=\count360
 (C:\Users\MSI\AppData\Local\Programs\MiKTeX\tex/generic/pgf/modules\pgfmodulematrix.code.tex
File: pgfmodulematrix.code.tex 2025-08-29 v3.1.11a (3.1.11a)
\pgfmatrixcurrentrow=\count361
\pgfmatrixcurrentcolumn=\count362
\pgf@matrix@numberofcolumns=\count363
)
\tikz@expandcount=\count364
 (C:\Users\MSI\AppData\Local\Programs\MiKTeX\tex/generic/pgf/frontendlayer/tikz/libraries\tikzlibrarytopaths.code.tex
File: tikzlibrarytopaths.code.tex 2025-08-29 v3.1.11a (3.1.11a)
))) (C:\Users\MSI\AppData\Local\Programs\MiKTeX\tex/latex/tools\verbatim.sty
Package: verbatim 2024-01-22 v1.5x LaTeX2e package for verbatim enhancements
\every@verbatim=\toks54
\verbatim@line=\toks55
\verbatim@in@stream=\read4
)
\tcb@titlebox=\box72
\tcb@upperbox=\box73
\tcb@lowerbox=\box74
\tcb@phantombox=\box75
\c@tcbbreakpart=\count365
\c@tcblayer=\count366
\c@tcolorbox@number=\count367
\l__tcobox_tmpa_box=\box76
\l__tcobox_tmpa_dim=\dimen303
\tcb@temp=\box77
\tcb@temp=\box78
\tcb@temp=\box79
\tcb@temp=\box80
 (C:\Users\MSI\AppData\Local\Programs\MiKTeX\tex/latex/tcolorbox\tcbskins.code.tex
Library (tcolorbox): 'tcbskins.code.tex' version '6.9.0'
(C:\Users\MSI\AppData\Local\Programs\MiKTeX\tex/latex/tikzfill\tikzfill.image.sty
Package: tikzfill.image 2026/03/26 v1.1.0 Image filling library for TikZ
 (C:\Users\MSI\AppData\Local\Programs\MiKTeX\tex/latex/tikzfill\tikzlibraryfill.image.code.tex
File: tikzlibraryfill.image.code.tex 2026/03/26 v1.1.0 Image filling library
\l__tikzfill_tmpa_dim=\dimen304
\l__tikzfill_tmpb_dim=\dimen305
\l__tikzfill_img_box=\box81
)) (C:\Users\MSI\AppData\Local\Programs\MiKTeX\tex/latex/tcolorbox\tcbskinsjigsaw.code.tex
Library (tcolorbox): 'tcbskinsjigsaw.code.tex' version '6.9.0'
))) (C:\Users\MSI\AppData\Local\Programs\MiKTeX\tex/latex/adjustbox\adjustbox.sty
Package: adjustbox 2025/02/26 v1.3c Adjusting TeX boxes (trim, clip, ...)
 (C:\Users\MSI\AppData\Local\Programs\MiKTeX\tex/latex/xkeyval\xkeyval.sty
Package: xkeyval 2022/06/16 v2.9 package option processing (HA)
 (C:\Users\MSI\AppData\Local\Programs\MiKTeX\tex/generic/xkeyval\xkeyval.tex (C:\Users\MSI\AppData\Local\Programs\MiKTeX\tex/generic/xkeyval\xkvutils.tex
\XKV@toks=\toks56
\XKV@tempa@toks=\toks57
)
\XKV@depth=\count368
File: xkeyval.tex 2014/12/03 v2.7a key=value parser (HA)
)) (C:\Users\MSI\AppData\Local\Programs\MiKTeX\tex/latex/adjustbox\adjcalc.sty
Package: adjcalc 2012/05/16 v1.1 Provides advanced setlength with multiple back-ends (calc, etex, pgfmath)
) (C:\Users\MSI\AppData\Local\Programs\MiKTeX\tex/latex/adjustbox\trimclip.sty
Package: trimclip 2025/02/21 v1.2a Trim and clip general TeX material
 (C:\Users\MSI\AppData\Local\Programs\MiKTeX\tex/latex/collectbox\collectbox.sty
Package: collectbox 2022/10/17 v0.4c Collect macro arguments as boxes
\collectedbox=\box82
)
\tc@llx=\dimen306
\tc@lly=\dimen307
\tc@urx=\dimen308
\tc@ury=\dimen309
Package trimclip Info: Using driver 'tc-pdftex.def'.
 (C:\Users\MSI\AppData\Local\Programs\MiKTeX\tex/latex/adjustbox\tc-pdftex.def
File: tc-pdftex.def 2025/02/26 v2.3 Clipping driver for pdftex
))
\adjbox@Width=\dimen310
\adjbox@Height=\dimen311
\adjbox@Depth=\dimen312
\adjbox@Totalheight=\dimen313
\adjbox@pwidth=\dimen314
\adjbox@pheight=\dimen315
\adjbox@pdepth=\dimen316
\adjbox@ptotalheight=\dimen317
 (C:\Users\MSI\AppData\Local\Programs\MiKTeX\tex/latex/ifoddpage\ifoddpage.sty
Package: ifoddpage 2022/10/18 v1.2 Conditionals for odd/even page detection
\c@checkoddpage=\count369
) (C:\Users\MSI\AppData\Local\Programs\MiKTeX\tex/latex/varwidth\varwidth.sty
Package: varwidth 2009/03/30 ver 0.92;  Variable-width minipages
\@vwid@box=\box83
\sift@deathcycles=\count370
\@vwid@loff=\dimen318
\@vwid@roff=\dimen319
)
==> First Aid for varwidth.sty applied!
) (C:\Users\MSI\AppData\Local\Programs\MiKTeX\tex/latex/setspace\setspace.sty
Package: setspace 2022/12/04 v6.7b set line spacing
) (C:\Users\MSI\AppData\Local\Programs\MiKTeX\tex/latex/minted\minted.sty
Package: minted 2026/03/03 v3.8.0 Yet another Pygments shim for LaTeX
 (C:\Users\MSI\AppData\Local\Programs\MiKTeX\tex/generic/catchfile\catchfile.sty
Package: catchfile 2019/12/09 v1.8 Catch the contents of a file (HO)
 (C:\Users\MSI\AppData\Local\Programs\MiKTeX\tex/generic/etexcmds\etexcmds.sty
Package: etexcmds 2019/12/15 v1.7 Avoid name clashes with e-TeX commands (HO)
)) (C:\Users\MSI\AppData\Local\Programs\MiKTeX\tex/latex/fvextra\fvextra.sty
Package: fvextra 2026/02/25 v1.14.0 fvextra - extensions and patches for fancyvrb
 (C:\Users\MSI\AppData\Local\Programs\MiKTeX\tex/latex/fancyvrb\fancyvrb.sty
Package: fancyvrb 2025/07/28 4.6 verbatim text (tvz,hv)
\FV@CodeLineNo=\count371
\FV@InFile=\read5
\FV@TabBox=\box84
\c@FancyVerbLine=\count372
\FV@StepNumber=\count373
\FV@OutFile=\write5
) (C:\Users\MSI\AppData\Local\Programs\MiKTeX\tex/latex/upquote\upquote.sty
Package: upquote 2012/04/19 v1.3 upright-quote and grave-accent glyphs in verbatim
 (C:\Users\MSI\AppData\Local\Programs\MiKTeX\tex/latex/base\textcomp.sty
Package: textcomp 2024/04/24 v2.1b Standard LaTeX package
)) (C:\Users\MSI\AppData\Local\Programs\MiKTeX\tex/latex/lineno\lineno.sty
Package: lineno 2026/03/08 line numbers on paragraphs v5.9
\linenopenalty=\count374
\output=\toks58
\linenoprevgraf=\count375
\linenumbersep=\dimen320
\linenumberwidth=\dimen321
\c@linenumber=\count376
\c@pagewiselinenumber=\count377
\c@LN@truepage=\count378
\c@internallinenumber=\count379
\c@internallinenumbers=\count380
\quotelinenumbersep=\dimen322
\bframerule=\dimen323
\bframesep=\dimen324
\bframebox=\box85
)
\c@FancyVerbWriteLine=\count381
\c@FancyVerbBufferLine=\count382
\c@FV@TrueTabGroupLevel=\count383
\c@FV@TrueTabCounter=\count384
\FV@TabBox@Group=\box86
\FV@bgcolorstructbox=\box87
\FV@TmpLength=\skip86
\c@FV@HighlightLinesStart=\count385
\c@FV@HighlightLinesStop=\count386
\FV@LoopCount=\count387
\FV@NCharsBox=\box88
\FV@BreakIndent=\dimen325
\FV@BreakIndentNChars=\count388
\FV@BreakSymbolSepLeft=\dimen326
\FV@BreakSymbolSepLeftNChars=\count389
\FV@BreakSymbolSepRight=\dimen327
\FV@BreakSymbolSepRightNChars=\count390
\FV@BreakSymbolIndentLeft=\dimen328
\FV@BreakSymbolIndentLeftNChars=\count391
\FV@BreakSymbolIndentRight=\dimen329
\FV@BreakSymbolIndentRightNChars=\count392
\c@FancyVerbLineBreakLast=\count393
\FV@LineBox=\box89
\FV@LineIndentBox=\box90
\c@FV@BreakBufferDepth=\count394
\FV@LineWidth=\dimen330
) (C:\Users\MSI\AppData\Local\Programs\MiKTeX\tex/latex/latex2pydata\latex2pydata.sty
Package: latex2pydata 2026/02/25 v0.7.0 latex2pydata - write data to file in Python literal format
) (C:\Users\MSI\AppData\Local\Programs\MiKTeX\tex/latex/pgfopts\pgfopts.sty
Package: pgfopts 2014/07/10 v2.1a LaTeX package options with pgfkeys
\pgfopts@list@add@a@toks=\toks59
\pgfopts@list@add@b@toks=\toks60
) (C:\Users\MSI\AppData\Local\Programs\MiKTeX\tex/latex/tools\shellesc.sty
Package: shellesc 2023/07/08 v1.0d unified shell escape interface for LaTeX
Package shellesc Info: Restricted shell escape enabled on input line 77.
) (C:\Users\MSI\AppData\Local\Programs\MiKTeX\tex/latex/float\float.sty
Package: float 2001/11/08 v1.3d Float enhancements (AL)
\c@float@type=\count395
\float@exts=\toks61
\float@box=\box91
\@float@everytoks=\toks62
\@floatcapt=\box92
)
\c@minted@FancyVerbLineTemp=\count396
\@float@every@listing=\toks63
\c@listing=\count397
) (C:\Users\MSI\AppData\Local\Programs\MiKTeX\tex/latex/tools\tabularx.sty
Package: tabularx 2023/12/11 v2.12a `tabularx' package (DPC)
\TX@col@width=\dimen331
\TX@old@table=\dimen332
\TX@old@col=\dimen333
\TX@target=\dimen334
\TX@delta=\dimen335
\TX@cols=\count398
\TX@ftn=\toks64
) (C:\Users\MSI\AppData\Local\Programs\MiKTeX\tex/latex/tools\longtable.sty
Package: longtable 2025-10-13 v4.24 Multi-page Table package (DPC)
\LTleft=\skip87
\LTright=\skip88
\LTpre=\skip89
\LTpost=\skip90
\LTchunksize=\count399
\LTcapwidth=\dimen336
\LT@head=\box93
\LT@firsthead=\box94
\LT@foot=\box95
\LT@lastfoot=\box96
\LT@gbox=\box97
\LT@cols=\count400
\LT@rows=\count401
\c@LT@tables=\count402
\c@LT@chunks=\count403
\LT@p@ftn=\toks65
) (C:\Users\MSI\AppData\Local\Programs\MiKTeX\tex/latex/ctable\ctable.sty
Package: ctable 2025/10/22 v1.33 package for flexible key/value driven typesetting of floats
 (C:\Users\MSI\AppData\Local\Programs\MiKTeX\tex/generic/iftex\ifpdf.sty
Package: ifpdf 2019/10/25 v3.4 ifpdf legacy package. Use iftex instead.
) (C:\Users\MSI\AppData\Local\Programs\MiKTeX\tex/latex/booktabs\booktabs.sty
Package: booktabs 2020/01/12 v1.61803398 Publication quality tables
\heavyrulewidth=\dimen337
\lightrulewidth=\dimen338
\cmidrulewidth=\dimen339
\belowrulesep=\dimen340
\belowbottomsep=\dimen341
\aboverulesep=\dimen342
\abovetopsep=\dimen343
\cmidrulesep=\dimen344
\cmidrulekern=\dimen345
\defaultaddspace=\dimen346
\@cmidla=\count404
\@cmidlb=\count405
\@aboverulesep=\dimen347
\@belowrulesep=\dimen348
\@thisruleclass=\count406
\@lastruleclass=\count407
\@thisrulewidth=\dimen349
) (C:\Users\MSI\AppData\Local\Programs\MiKTeX\tex/latex/graphics\rotating.sty
Package: rotating 2025/01/14 v2.16e rotated objects in LaTeX
\c@r@tfl@t=\count408
\rotFPtop=\skip91
\rotFPbot=\skip92
\rot@float@box=\box98
\rot@mess@toks=\toks66
)
\@CTframesep=\dimen350
\@dfltCTframesep=\dimen351
\@CTframerule=\dimen352
\@dfltCTframerule=\dimen353
\@CTwidth=\dimen354
\@dfltCTwidth=\dimen355
\@CTcaptionskip=\dimen356
\@dfltCTcaptionskip=\dimen357
\@CTmaxwidth=\dimen358
\@dfltCTmaxwidth=\dimen359
\@CTmincapwidth=\dimen360
\@dfltCTmincapwidth=\dimen361
\@CTfooterwidth=\dimen362
\@dfltCTfooterwidth=\dimen363
\@CTw=\dimen364
\@CTfloatwidth=\dimen365
\@CToldsep=\dimen366
\@CToldrule=\dimen367
\CT@t=\box99
\@CTcurftwidth=\dimen368
) (C:\Users\MSI\AppData\Local\Programs\MiKTeX\tex/latex/multirow\multirow.sty
Package: multirow 2024/11/12 v2.9 Span multiple rows of a table
\multirow@colwidth=\skip93
\multirow@cntb=\count409
\multirow@dima=\skip94
\bigstrutjot=\dimen369
) (C:\Users\MSI\AppData\Local\Programs\MiKTeX\tex/latex/seqsplit\seqsplit.sty
Package: seqsplit 2006/08/07 v0.1 Splitting long sequences (DNA, RNA, proteins, etc.) 
) (C:\Users\MSI\AppData\Local\Programs\MiKTeX\tex/latex/base\fontenc.sty
Package: fontenc 2025/07/18 v2.1d Standard LaTeX package
) (C:\Users\MSI\AppData\Local\Programs\MiKTeX\tex/latex/wrapfig\wrapfig.sty
\wrapoverhang=\dimen370
\WF@size=\dimen371
\c@WF@wrappedlines=\count410
\WF@box=\box100
\WF@everypar=\toks67
Package: wrapfig 2003/01/31  v 3.6
) (C:\Users\MSI\AppData\Local\Programs\MiKTeX\tex/latex/nowidow\nowidow.sty
Package: nowidow 2011/09/20 1.0 Easily prevent widows and orphans
Package: nowidow 
) (C:\Users\MSI\AppData\Local\Programs\MiKTeX\tex/latex/ragged2e\ragged2e.sty
Package: ragged2e 2023/06/22 v3.6 ragged2e Package
\CenteringLeftskip=\skip95
\RaggedLeftLeftskip=\skip96
\RaggedRightLeftskip=\skip97
\CenteringRightskip=\skip98
\RaggedLeftRightskip=\skip99
\RaggedRightRightskip=\skip100
\CenteringParfillskip=\skip101
\RaggedLeftParfillskip=\skip102
\RaggedRightParfillskip=\skip103
\JustifyingParfillskip=\skip104
\CenteringParindent=\skip105
\RaggedLeftParindent=\skip106
\RaggedRightParindent=\skip107
\JustifyingParindent=\skip108
) (C:\Users\MSI\AppData\Local\Programs\MiKTeX\tex/latex/appendix\appendix.sty
Package: appendix 2020/02/08 v1.2c extra appendix facilities
\c@@pps=\count411
\c@@ppsavesec=\count412
\c@@ppsaveapp=\count413
)
\BoxWd=\skip109
\Aux=\skip110
) (Commands.tex)
Package french3.ldf Info: Setting StandardItemizeEnv=true for
(french3.ldf)             compatibility with enumitem package,
(french3.ldf)             reported on input line 20.
Package french3.ldf Info: Setting StandardEnumerateEnv=true for
(french3.ldf)             compatibility with enumitem package,
(french3.ldf)             reported on input line 20.
LaTeX Font Info:    Trying to load font information for T1+ptm on input line 20.
 (C:\Users\MSI\AppData\Local\Programs\MiKTeX\tex/latex/psnfss\t1ptm.fd
File: t1ptm.fd 2001/06/04 font definitions for T1/ptm.
) (C:\Users\MSI\AppData\Local\Programs\MiKTeX\tex/latex/l3backend\l3backend-pdftex.def
File: l3backend-pdftex.def 2025-10-09 L3 backend support: PDF output (pdfTeX)
\l__color_backend_stack_int=\count414
) (main.aux
Package babel Info: 'french' activates 'french' shorthands.
(babel)             Reported on input line 14.
)
\openout1 = `main.aux'.

LaTeX Font Info:    Checking defaults for OML/cmm/m/it on input line 20.
LaTeX Font Info:    ... okay on input line 20.
LaTeX Font Info:    Checking defaults for OMS/cmsy/m/n on input line 20.
LaTeX Font Info:    ... okay on input line 20.
LaTeX Font Info:    Checking defaults for OT1/cmr/m/n on input line 20.
LaTeX Font Info:    ... okay on input line 20.
LaTeX Font Info:    Checking defaults for T1/cmr/m/n on input line 20.
LaTeX Font Info:    ... okay on input line 20.
LaTeX Font Info:    Checking defaults for TS1/cmr/m/n on input line 20.
LaTeX Font Info:    ... okay on input line 20.
LaTeX Font Info:    Checking defaults for OMX/cmex/m/n on input line 20.
LaTeX Font Info:    ... okay on input line 20.
LaTeX Font Info:    Checking defaults for U/cmr/m/n on input line 20.
LaTeX Font Info:    ... okay on input line 20.
LaTeX Font Info:    Checking defaults for PD1/pdf/m/n on input line 20.
LaTeX Font Info:    ... okay on input line 20.
LaTeX Font Info:    Checking defaults for PU/pdf/m/n on input line 20.
LaTeX Font Info:    ... okay on input line 20.

*geometry* driver: auto-detecting
*geometry* detected driver: pdftex
*geometry* verbose mode - [ preamble ] result:
* driver: pdftex
* paper: a4paper
* layout: <same size as paper>
* layoutoffset:(h,v)=(0.0pt,0.0pt)
* modes: 
* h-part:(L,W,R)=(71.13188pt, 455.24411pt, 71.13188pt)
* v-part:(T,H,B)=(71.13188pt, 702.78308pt, 71.13188pt)
* \paperwidth=597.50787pt
* \paperheight=845.04684pt
* \textwidth=455.24411pt
* \textheight=702.78308pt
* \oddsidemargin=-1.1381pt
* \evensidemargin=-1.1381pt
* \topmargin=-38.1381pt
* \headheight=12.0pt
* \headsep=25.0pt
* \topskip=12.0pt
* \footskip=30.0pt
* \marginparwidth=35.0pt
* \marginparsep=10.0pt
* \columnsep=10.0pt
* \skip\footins=10.8pt plus 4.0pt minus 2.0pt
* \hoffset=0.0pt
* \voffset=0.0pt
* \mag=1000
* \@twocolumnfalse
* \@twosidefalse
* \@mparswitchfalse
* \@reversemarginfalse
* (1in=72.27pt=25.4mm, 1cm=28.453pt)

(C:\Users\MSI\AppData\Local\Programs\MiKTeX\tex/context/base/mkii\supp-pdf.mkii
[Loading MPS to PDF converter (version 2006.09.02).]
\scratchcounter=\count415
\scratchdimen=\dimen372
\scratchbox=\box101
\nofMPsegments=\count416
\nofMParguments=\count417
\everyMPshowfont=\toks68
\MPscratchCnt=\count418
\MPscratchDim=\dimen373
\MPnumerator=\count419
\makeMPintoPDFobject=\count420
\everyMPtoPDFconversion=\toks69
) (C:\Users\MSI\AppData\Local\Programs\MiKTeX\tex/latex/epstopdf-pkg\epstopdf-base.sty
Package: epstopdf-base 2020-01-24 v2.11 Base part for package epstopdf
 (C:\Users\MSI\AppData\Local\Programs\MiKTeX\tex/latex/grfext\grfext.sty
Package: grfext 2019/12/03 v1.3 Manage graphics extensions (HO)
)
Package epstopdf-base Info: Redefining graphics rule for `.eps' on input line 485.
Package grfext Info: Graphics extension search list:
(grfext)             [.pdf,.png,.jpg,.mps,.jpeg,.jbig2,.jb2,.PDF,.PNG,.JPG,.JPEG,.JBIG2,.JB2,.eps]
(grfext)             \AppendGraphicsExtensions on input line 504.
 (C:\Users\MSI\AppData\Local\Programs\MiKTeX\tex/latex/00miktex\epstopdf-sys.cfg
File: epstopdf-sys.cfg 2021/03/18 v2.0 Configuration of epstopdf for MiKTeX
))
Package caption Info: Begin \AtBeginDocument code.
Package caption Info: french babel package is loaded.
Package caption Info: float package is loaded.
Package caption Info: hyperref package is loaded.
Package caption Info: longtable package is loaded.
 (C:\Users\MSI\AppData\Local\Programs\MiKTeX\tex/latex/caption\ltcaption.sty
Package: ltcaption 2021/01/08 v1.4c longtable captions (AR)
)
Package caption Info: rotating package is loaded.
Package caption Info: wrapfig package is loaded.
Package caption Info: End \AtBeginDocument code.
Package hyperref Info: Link coloring OFF on input line 20.
 (main.out) (main.out)
\@outlinefile=\write6
\openout6 = `main.out'.

 (C:\Users\MSI\AppData\Local\Programs\MiKTeX\tex/latex/pdflscape\pdflscape.sty
Package: pdflscape 2022-10-27 v0.13 Display of landscape pages in PDF
 (C:\Users\MSI\AppData\Local\Programs\MiKTeX\tex/latex/pdflscape\pdflscape-nometadata.sty
Package: pdflscape-nometadata 2022-10-28 v0.13 Display of landscape pages in PDF (HO)
 (C:\Users\MSI\AppData\Local\Programs\MiKTeX\tex/latex/graphics\lscape.sty
Package: lscape 2020/05/28 v3.02 Landscape Pages (DPC)
)
Package pdflscape Info: Auto-detected driver: pdftex on input line 81.
))
LaTeX Info: Redefining \degres on input line 20.
Package minitoc(hints) Info: I0049
(minitoc(hints))             ==> You requested the hints option. 
(minitoc(hints))             Some hints are eventually given below.
Package minitoc(hints) Info: I0042
(minitoc(hints))             --- The appendix package is loaded. 
(minitoc(hints))             See the minitoc package documentation 
(minitoc(hints))             for specific precautions.
Package minitoc Info: I0024
(minitoc)             PREPARING MINITOCS FROM main.toc on input line 27.
Package minitoc Info: I0033
(minitoc)             Writing main.mtc1.
\openout3 = `main.mtc1'.

Package minitoc Info: I0033
(minitoc)             Writing main.mtc2.
\openout3 = `main.mtc2'.

Package minitoc Info: I0033
(minitoc)             Writing main.mtc3.
\openout3 = `main.mtc3'.

Package minitoc Info: I0033
(minitoc)             Writing main.mtc4.
\openout3 = `main.mtc4'.

Package minitoc Info: I0033
(minitoc)             Writing main.mtc5.
\openout3 = `main.mtc5'.

Package minitoc Info: I0033
(minitoc)             Writing main.mtc6.
\openout3 = `main.mtc6'.

Package minitoc Info: I0033
(minitoc)             Writing main.mtc7.
\openout3 = `main.mtc7'.

Package minitoc Info: I0033
(minitoc)             Writing main.mtc8.
\openout3 = `main.mtc8'.

Package minitoc Info: I0033
(minitoc)             Writing main.mtc9.
\openout3 = `main.mtc9'.

Package minitoc Info: I0033
(minitoc)             Writing main.mtc10.
\openout3 = `main.mtc10'.

LaTeX Font Info:    Calculating math sizes for size <22> on input line 31.
LaTeX Font Info:    External font `cmex10' loaded for size
(Font)              <22> on input line 31.
LaTeX Font Info:    External font `cmex10' loaded for size
(Font)              <15.39993> on input line 31.
LaTeX Font Info:    External font `cmex10' loaded for size
(Font)              <11> on input line 31.
 (main.toc
LaTeX Font Info:    External font `cmex10' loaded for size
(Font)              <12> on input line 5.
LaTeX Font Info:    External font `cmex10' loaded for size
(Font)              <8> on input line 5.
LaTeX Font Info:    External font `cmex10' loaded for size
(Font)              <6> on input line 5.
Package babel Info: 'french' activates 'french' shorthands.
(babel)             Reported on input line 30.
 [1{C:/Users/MSI/AppData/Local/MiKTeX/fonts/map/pdftex/pdftex.map}{C:/Users/MSI/AppData/Local/Programs/MiKTeX/fonts/enc/dvips/base/8r.enc}


] [2] [3])
\tf@toc=\write7
\openout7 = `main.toc'.

 [4] (main.lof [5


])
\tf@lof=\write8
\openout8 = `main.lof'.

 [6] (main.lot)
\tf@lot=\write9
\openout9 = `main.lot'.

 [7


] (chapitre/03-Abbreviations.tex
Overfull \hbox (17.62482pt too wide) in paragraph at lines 22--23
[][] 
 []

) [8


] (chapitre/04-GeneralIntroduction.tex [1


]) [2] (chapitre/05-Chapter1.tex
Chapter 1.
Package minitoc Info: I0006
(minitoc)             main.mtc2 is empty on input line 4.
[3


]
<images/soprahr_logo.png, id=799, 211.992pt x 78.2925pt>
File: images/soprahr_logo.png Graphic file (type png)
<use images/soprahr_logo.png>
Package pdftex.def Info: images/soprahr_logo.png  used on input line 18.
(pdftex.def)             Requested size: 136.57462pt x 50.44032pt.
 [4 <./images/soprahr_logo.png>] [5] [6] [7]) [8] (chapitre/06-Chapter2.tex
Chapter 2.
\openout3 = `main.mtc'.

\openout3 = `main.mtc'.

LaTeX Font Info:    External font `cmex10' loaded for size
(Font)              <10.95> on input line 4.
(main.mtc3) [9


] [10] [11] [12] [13] [14] [15]
Overfull \hbox (8.22421pt too wide) in paragraph at lines 236--236
 []\T1/ptm/m/n/10 Authentication 
 []


Underfull \hbox (badness 2573) in paragraph at lines 272--273
\T1/ptm/m/n/10.95 photo) so that my in-for-ma-tion
 []


Underfull \hbox (badness 1616) in paragraph at lines 359--360
\T1/ptm/m/n/10.95 so that I can avoid sche-du-ling
 []


Underfull \hbox (badness 2245) in paragraph at lines 363--364
\T1/ptm/m/n/10.95 up-co-ming in-ter-views with their
 []


Underfull \hbox (badness 1221) in paragraph at lines 370--371
[]|\T1/ptm/m/n/10.95 As an RH or ma-na-ger, I want
 []


Underfull \hbox (badness 1102) in paragraph at lines 403--404
\T1/ptm/m/n/10.95 top of-fers, ave-rage time-to-hire)
 []

chapitre/06-Chapter2.tex:419: ignored error: Infinite glue shrinkage found in box being split [16]
chapitre/06-Chapter2.tex:419: ignored error: Infinite glue shrinkage found in box being split [17]
chapitre/06-Chapter2.tex:419: ignored error: Infinite glue shrinkage found in box being split [18] [19] [20]
<images/Windows-11-Icon.jpg, id=890, 602.25pt x 602.25pt>
File: images/Windows-11-Icon.jpg Graphic file (type jpg)
<use images/Windows-11-Icon.jpg>
Package pdftex.def Info: images/Windows-11-Icon.jpg  used on input line 493.
(pdftex.def)             Requested size: 113.81102pt x 113.80379pt.
<images/vscode_logo.png, id=891, 215.00325pt x 152.36925pt>
File: images/vscode_logo.png Graphic file (type png)
<use images/vscode_logo.png>
Package pdftex.def Info: images/vscode_logo.png  used on input line 503.
(pdftex.def)             Requested size: 113.81102pt x 80.65533pt.
 [21 <./images/Windows-11-Icon.jpg>]
<images/IntelliJ_logo.png, id=896, 215.00325pt x 158.39175pt>
File: images/IntelliJ_logo.png Graphic file (type png)
<use images/IntelliJ_logo.png>
Package pdftex.def Info: images/IntelliJ_logo.png  used on input line 513.
(pdftex.def)             Requested size: 113.81102pt x 83.84329pt.
<images/overleaf_logo.jpg, id=897, 451.6875pt x 175.65625pt>
File: images/overleaf_logo.jpg Graphic file (type jpg)
<use images/overleaf_logo.jpg>
Package pdftex.def Info: images/overleaf_logo.jpg  used on input line 523.
(pdftex.def)             Requested size: 113.81102pt x 44.2597pt.
<images/git_logo.png, id=898, 3854.4pt x 3854.4pt>
File: images/git_logo.png Graphic file (type png)
<use images/git_logo.png>
Package pdftex.def Info: images/git_logo.png  used on input line 533.
(pdftex.def)             Requested size: 113.81102pt x 113.80379pt.
 [22 <./images/vscode_logo.png> <./images/IntelliJ_logo.png> <./images/overleaf_logo.jpg>]
<images/startuml_logo.png, id=905, 204.765pt x 181.8795pt>
File: images/startuml_logo.png Graphic file (type png)
<use images/startuml_logo.png>
Package pdftex.def Info: images/startuml_logo.png  used on input line 543.
(pdftex.def)             Requested size: 113.81102pt x 101.09416pt.
<images/swagger_logo.png, id=906, 225.84375pt x 225.84375pt>
File: images/swagger_logo.png Graphic file (type png)
<use images/swagger_logo.png>
Package pdftex.def Info: images/swagger_logo.png  used on input line 553.
(pdftex.def)             Requested size: 113.81102pt x 113.81412pt.
 [23 <./images/git_logo.png> <./images/startuml_logo.png> <./images/swagger_logo.png>]
<images/react_logo.png, id=915, 172.84575pt x 183.68625pt>
File: images/react_logo.png Graphic file (type png)
<use images/react_logo.png>
Package pdftex.def Info: images/react_logo.png  used on input line 563.
(pdftex.def)             Requested size: 113.81102pt x 120.94739pt.
<images/javascript_logo.png, id=916, 983.675pt x 983.675pt>
File: images/javascript_logo.png Graphic file (type png)
<use images/javascript_logo.png>
Package pdftex.def Info: images/javascript_logo.png  used on input line 573.
(pdftex.def)             Requested size: 113.81102pt x 113.80318pt.
<images/css3_logo.png, id=917, 963.6pt x 963.6pt>
File: images/css3_logo.png Graphic file (type png)
<use images/css3_logo.png>
Package pdftex.def Info: images/css3_logo.png  used on input line 583.
(pdftex.def)             Requested size: 100.15425pt x 100.1444pt.
 [24 <./images/react_logo.png> <./images/javascript_logo.png>]
<images/vite_logo.jpg, id=924, 269.808pt x 269.20575pt>
File: images/vite_logo.jpg Graphic file (type jpg)
<use images/vite_logo.jpg>
Package pdftex.def Info: images/vite_logo.jpg  used on input line 593.
(pdftex.def)             Requested size: 113.81102pt x 113.55446pt.
<images/springboot_logo.png, id=925, 190.91325pt x 156.585pt>
File: images/springboot_logo.png Graphic file (type png)
<use images/springboot_logo.png>
Package pdftex.def Info: images/springboot_logo.png  used on input line 603.
(pdftex.def)             Requested size: 113.81102pt x 93.34961pt.
<images/java_logo.png, id=926, 202.356pt x 149.358pt>
File: images/java_logo.png Graphic file (type png)
<use images/java_logo.png>
Package pdftex.def Info: images/java_logo.png  used on input line 613.
(pdftex.def)             Requested size: 113.81102pt x 84.00453pt.
 [25 <./images/css3_logo.png> <./images/vite_logo.jpg> <./images/springboot_logo.png>]
<images/python logo.png, id=933, 161.403pt x 174.6525pt>
File: images/python logo.png Graphic file (type png)
<use images/python logo.png>
Package pdftex.def Info: images/python logo.png  used on input line 623.
(pdftex.def)             Requested size: 113.81102pt x 123.15668pt.
<images/nodejs_logo.png, id=934, 225.84375pt x 225.84375pt>
File: images/nodejs_logo.png Graphic file (type png)
<use images/nodejs_logo.png>
Package pdftex.def Info: images/nodejs_logo.png  used on input line 632.
(pdftex.def)             Requested size: 113.81102pt x 113.81412pt.
 [26 <./images/java_logo.png> <./images/python logo.png> <./images/nodejs_logo.png>]
<images/postgresql_logo.png, id=942, 175.857pt x 169.23225pt>
File: images/postgresql_logo.png Graphic file (type png)
<use images/postgresql_logo.png>
Package pdftex.def Info: images/postgresql_logo.png  used on input line 642.
(pdftex.def)             Requested size: 113.81102pt x 109.52452pt.
<images/diagrammes/global use case diagram.jpg, id=943, 1556.06343pt x 2561.82094pt>
File: images/diagrammes/global use case diagram.jpg Graphic file (type jpg)
<use images/diagrammes/global use case diagram.jpg>
Package pdftex.def Info: images/diagrammes/global use case diagram.jpg  used on input line 656.
(pdftex.def)             Requested size: 409.71692pt x 674.54031pt.
 [27 <./images/postgresql_logo.png>]) [28 <./images/diagrammes/global use case diagram.jpg>] [29] (chapitre/07-Chapter3.tex
Chapter 3.
\openout3 = `main.mtc'.

\openout3 = `main.mtc'.

(main.mtc4) [30


]
Underfull \hbox (badness 1342) in paragraph at lines 53--53
\T1/ptm/m/n/10.95 sen-ting So-pra HR ; create the ins-ti-tu-tio-nal pages
 []

[31]
<images/diagrammes/sprint 1/use case Sprint1 - Authentification and User Management.jpg, id=987, 1031.35312pt x 896.59969pt>
File: images/diagrammes/sprint 1/use case Sprint1 - Authentification and User Management.jpg Graphic file (type jpg)
<use images/diagrammes/sprint 1/use case Sprint1 - Authentification and User Management.jpg>
Package pdftex.def Info: images/diagrammes/sprint 1/use case Sprint1 - Authentification and User Management.jpg  used on input line 81.
(pdftex.def)             Requested size: 377.85344pt x 328.48062pt.
 [32]
Underfull \hbox (badness 10000) in paragraph at lines 135--135
[]|\T1/ptm/b/n/10.95 Initiating
 []


Underfull \hbox (badness 10000) in paragraph at lines 135--135
[]|\T1/ptm/b/n/10.95 Pre-
 []


Underfull \hbox (badness 10000) in paragraph at lines 135--135
[]|\T1/ptm/b/n/10.95 Post-
 []


Underfull \hbox (badness 10000) in paragraph at lines 135--135
[]|\T1/ptm/b/n/10.95 Scenario
 []


Underfull \hbox (badness 10000) in paragraph at lines 135--135
[]|\T1/ptm/b/n/10.95 Main
 []


Underfull \hbox (badness 10000) in paragraph at lines 135--135
\T1/ptm/b/n/10.95 Sce-na-rio
 []


Underfull \hbox (badness 10000) in paragraph at lines 135--135
[]|\T1/ptm/b/n/10.95 Alternative
 []

[33 <./images/diagrammes/sprint 1/use case Sprint1 - Authentification and User Management.jpg>] [34] [35] [36] [37]
<images/diagrammes/sprint 1/Sequence diagram registration sprint 1.jpg, id=1041, 809.27344pt x 1260.96094pt>
File: images/diagrammes/sprint 1/Sequence diagram registration sprint 1.jpg Graphic file (type jpg)
<use images/diagrammes/sprint 1/Sequence diagram registration sprint 1.jpg>
Package pdftex.def Info: images/diagrammes/sprint 1/Sequence diagram registration sprint 1.jpg  used on input line 308.
(pdftex.def)             Requested size: 409.71692pt x 638.4061pt.
 [38]
<images/diagrammes/sprint 1/Sequence diagram sign In sprint 1.jpg, id=1047, 797.22844pt x 1028.34187pt>
File: images/diagrammes/sprint 1/Sequence diagram sign In sprint 1.jpg Graphic file (type jpg)
<use images/diagrammes/sprint 1/Sequence diagram sign In sprint 1.jpg>
Package pdftex.def Info: images/diagrammes/sprint 1/Sequence diagram sign In sprint 1.jpg  used on input line 321.
(pdftex.def)             Requested size: 409.71692pt x 528.49576pt.
 [39 <./images/diagrammes/sprint 1/Sequence diagram registration sprint 1.jpg>]
<images/diagrammes/sprint 1/Sequence diagram manage user account sprint 1.jpg, id=1053, 799.48688pt x 1134.48843pt>
File: images/diagrammes/sprint 1/Sequence diagram manage user account sprint 1.jpg Graphic file (type jpg)
<use images/diagrammes/sprint 1/Sequence diagram manage user account sprint 1.jpg>
Package pdftex.def Info: images/diagrammes/sprint 1/Sequence diagram manage user account sprint 1.jpg  used on input line 334.
(pdftex.def)             Requested size: 409.71692pt x 581.40312pt.
 [40 <./images/diagrammes/sprint 1/Sequence diagram sign In sprint 1.jpg>]
<images/diagrammes/sprint 1/Sequence diagram manage role permissions sprint 1.jpg, id=1059, 744.53156pt x 1252.68pt>
File: images/diagrammes/sprint 1/Sequence diagram manage role permissions sprint 1.jpg Graphic file (type jpg)
<use images/diagrammes/sprint 1/Sequence diagram manage role permissions sprint 1.jpg>
Package pdftex.def Info: images/diagrammes/sprint 1/Sequence diagram manage role permissions sprint 1.jpg  used on input line 347.
(pdftex.def)             Requested size: 400.61703pt x 674.06696pt.
 [41 <./images/diagrammes/sprint 1/Sequence diagram manage user account sprint 1.jpg>] [42]
<images/diagrammes/sprint 1/Class diagram Sprint 1.jpg, id=1069, 1350.54562pt x 499.8675pt>
File: images/diagrammes/sprint 1/Class diagram Sprint 1.jpg Graphic file (type jpg)
<use images/diagrammes/sprint 1/Class diagram Sprint 1.jpg>
Package pdftex.def Info: images/diagrammes/sprint 1/Class diagram Sprint 1.jpg  used on input line 361.
(pdftex.def)             Requested size: 455.24411pt x 168.49586pt.
 [43 <./images/diagrammes/sprint 1/Sequence diagram manage role permissions sprint 1.jpg>]
<images/interfaces/sprint1_register.png, id=1074, 1117.776pt x 552.8655pt>
File: images/interfaces/sprint1_register.png Graphic file (type png)
<use images/interfaces/sprint1_register.png>
Package pdftex.def Info: images/interfaces/sprint1_register.png  used on input line 380.
(pdftex.def)             Requested size: 386.96027pt x 191.3968pt.
 [44 <./images/diagrammes/sprint 1/Class diagram Sprint 1.jpg>]
<images/interfaces/sprint1_email_verification.png, id=1079, 1117.776pt x 555.87675pt>
File: images/interfaces/sprint1_email_verification.png Graphic file (type png)
<use images/interfaces/sprint1_email_verification.png>
Package pdftex.def Info: images/interfaces/sprint1_email_verification.png  used on input line 393.
(pdftex.def)             Requested size: 386.96027pt x 192.43929pt.
<images/interfaces/sprint1_signin.png, id=1080, 1118.37825pt x 554.67226pt>
File: images/interfaces/sprint1_signin.png Graphic file (type png)
<use images/interfaces/sprint1_signin.png>
Package pdftex.def Info: images/interfaces/sprint1_signin.png  used on input line 406.
(pdftex.def)             Requested size: 386.96027pt x 191.91226pt.
 [45 <./images/interfaces/sprint1_register.png> <./images/interfaces/sprint1_email_verification.png>]
<images/interfaces/sprint1_user_management.png, id=1087, 1118.37825pt x 558.888pt>
File: images/interfaces/sprint1_user_management.png Graphic file (type png)
<use images/interfaces/sprint1_user_management.png>
Package pdftex.def Info: images/interfaces/sprint1_user_management.png  used on input line 419.
(pdftex.def)             Requested size: 386.96027pt x 193.37088pt.
<images/interfaces/sprint1_role_management.png, id=1088, 1106.33325pt x 552.26324pt>
File: images/interfaces/sprint1_role_management.png Graphic file (type png)
<use images/interfaces/sprint1_role_management.png>
Package pdftex.def Info: images/interfaces/sprint1_role_management.png  used on input line 432.
(pdftex.def)             Requested size: 386.96027pt x 193.16019pt.
 [46 <./images/interfaces/sprint1_signin.png> <./images/interfaces/sprint1_user_management.png>]
<images/interfaces/sprint1_profile.png, id=1095, 1108.74225pt x 552.26324pt>
File: images/interfaces/sprint1_profile.png Graphic file (type png)
<use images/interfaces/sprint1_profile.png>
Package pdftex.def Info: images/interfaces/sprint1_profile.png  used on input line 445.
(pdftex.def)             Requested size: 386.96027pt x 192.74728pt.
<images/interfaces/sprint1_landing.png, id=1096, 1109.3445pt x 561.297pt>
File: images/interfaces/sprint1_landing.png Graphic file (type png)
<use images/interfaces/sprint1_landing.png>
Package pdftex.def Info: images/interfaces/sprint1_landing.png  used on input line 458.
(pdftex.def)             Requested size: 386.96027pt x 195.78883pt.
 [47 <./images/interfaces/sprint1_role_management.png> <./images/interfaces/sprint1_profile.png>]) [48 <./images/interfaces/sprint1_landing.png>] (chapitre/08-Chapter4.tex
Chapter 4.
\openout3 = `main.mtc'.

\openout3 = `main.mtc'.

(main.mtc5) [49


] [50] [51]
<images/diagrammes/sprint 2/use case global sprint 2.jpg, id=1141, 706.13812pt x 657.2053pt>
File: images/diagrammes/sprint 2/use case global sprint 2.jpg Graphic file (type jpg)
<use images/diagrammes/sprint 2/use case global sprint 2.jpg>
Package pdftex.def Info: images/diagrammes/sprint 2/use case global sprint 2.jpg  used on input line 81.
(pdftex.def)             Requested size: 409.71692pt x 381.32976pt.
<images/diagrammes/sprint 2/Use case diagram apply to a job offer raffinement sprint 2.jpg, id=1142, 576.65437pt x 446.41782pt>
File: images/diagrammes/sprint 2/Use case diagram apply to a job offer raffinement sprint 2.jpg Graphic file (type jpg)
<use images/diagrammes/sprint 2/Use case diagram apply to a job offer raffinement sprint 2.jpg>
Package pdftex.def Info: images/diagrammes/sprint 2/Use case diagram apply to a job offer raffinement sprint 2.jpg  used on input line 88.
(pdftex.def)             Requested size: 400.61703pt x 310.14708pt.
 [52 <./images/diagrammes/sprint 2/use case global sprint 2.jpg>]
File: images/diagrammes/sprint 2/Use case diagram apply to a job offer raffinement sprint 2.jpg Graphic file (type jpg)
<use images/diagrammes/sprint 2/Use case diagram apply to a job offer raffinement sprint 2.jpg>
Package pdftex.def Info: images/diagrammes/sprint 2/Use case diagram apply to a job offer raffinement sprint 2.jpg  used on input line 95.
(pdftex.def)             Requested size: 409.71692pt x 317.19727pt.
 [53 <./images/diagrammes/sprint 2/Use case diagram apply to a job offer raffinement sprint 2.jpg>] [54] [55] [56] [57] [58]
<images/diagrammes/sprint 2/Sequence diagram manage offers sprint 2.jpg, id=1204, 930.47626pt x 1628.0825pt>
File: images/diagrammes/sprint 2/Sequence diagram manage offers sprint 2.jpg Graphic file (type jpg)
<use images/diagrammes/sprint 2/Sequence diagram manage offers sprint 2.jpg>
Package pdftex.def Info: images/diagrammes/sprint 2/Sequence diagram manage offers sprint 2.jpg  used on input line 323.
(pdftex.def)             Requested size: 368.74661pt x 645.20958pt.
 [59]
<images/diagrammes/sprint 2/Sequence diagram views offers and applies sprint 2.jpg, id=1211, 1124.2pt x 1628.0825pt>
File: images/diagrammes/sprint 2/Sequence diagram views offers and applies sprint 2.jpg Graphic file (type jpg)
<use images/diagrammes/sprint 2/Sequence diagram views offers and applies sprint 2.jpg>
Package pdftex.def Info: images/diagrammes/sprint 2/Sequence diagram views offers and applies sprint 2.jpg  used on input line 335.
(pdftex.def)             Requested size: 400.61703pt x 580.1719pt.
 [60 <./images/diagrammes/sprint 2/Sequence diagram manage offers sprint 2.jpg>]
<images/diagrammes/sprint 2/Sequence diagram manage application pipeline sprint 2.jpg, id=1217, 1457.445pt x 1708.3825pt>
File: images/diagrammes/sprint 2/Sequence diagram manage application pipeline sprint 2.jpg Graphic file (type jpg)
<use images/diagrammes/sprint 2/Sequence diagram manage application pipeline sprint 2.jpg>
Package pdftex.def Info: images/diagrammes/sprint 2/Sequence diagram manage application pipeline sprint 2.jpg  used on input line 347.
(pdftex.def)             Requested size: 441.58734pt x 517.60193pt.
 [61 <./images/diagrammes/sprint 2/Sequence diagram views offers and applies sprint 2.jpg>]
<images/diagrammes/sprint 2/Sequence diagram submit an offer recommendation sprint 2.jpg, id=1223, 1206.5075pt x 2481.27pt>
File: images/diagrammes/sprint 2/Sequence diagram submit an offer recommendation sprint 2.jpg Graphic file (type jpg)
<use images/diagrammes/sprint 2/Sequence diagram submit an offer recommendation sprint 2.jpg>
Package pdftex.def Info: images/diagrammes/sprint 2/Sequence diagram submit an offer recommendation sprint 2.jpg  used on input line 359.
(pdftex.def)             Requested size: 309.56265pt x 636.63411pt.
 [62 <./images/diagrammes/sprint 2/Sequence diagram manage application pipeline sprint 2.jpg>] [63]
<images/diagrammes/sprint 2/Class diagram sprint 2.jpg, id=1232, 1750.54pt x 1671.24374pt>
File: images/diagrammes/sprint 2/Class diagram sprint 2.jpg Graphic file (type jpg)
<use images/diagrammes/sprint 2/Class diagram sprint 2.jpg>
Package pdftex.def Info: images/diagrammes/sprint 2/Class diagram sprint 2.jpg  used on input line 372.
(pdftex.def)             Requested size: 409.71692pt x 391.13577pt.
 [64 <./images/diagrammes/sprint 2/Sequence diagram submit an offer recommendation sprint 2.jpg>] [65 <./images/diagrammes/sprint 2/Class diagram sprint 2.jpg>]
<images/interfaces/sprint2_JobOfferHr.png, id=1242, 1121.99174pt x 560.69475pt>
File: images/interfaces/sprint2_JobOfferHr.png Graphic file (type png)
<use images/interfaces/sprint2_JobOfferHr.png>
Package pdftex.def Info: images/interfaces/sprint2_JobOfferHr.png  used on input line 391.
(pdftex.def)             Requested size: 432.48051pt x 216.12053pt.
<images/interfaces/sprint2_public_job_offer.png, id=1243, 1118.9805pt x 555.2745pt>
File: images/interfaces/sprint2_public_job_offer.png Graphic file (type png)
<use images/interfaces/sprint2_public_job_offer.png>
Package pdftex.def Info: images/interfaces/sprint2_public_job_offer.png  used on input line 404.
(pdftex.def)             Requested size: 432.48051pt x 214.60744pt.
 [66 <./images/interfaces/sprint2_JobOfferHr.png>]
<images/interfaces/application_form.png, id=1249, 1773.62625pt x 893.3375pt>
File: images/interfaces/application_form.png Graphic file (type png)
<use images/interfaces/application_form.png>
Package pdftex.def Info: images/interfaces/application_form.png  used on input line 417.
(pdftex.def)             Requested size: 432.48051pt x 217.82681pt.
 [67 <./images/interfaces/sprint2_public_job_offer.png> <./images/interfaces/application_form.png (PNG copy)>]
<images/interfaces/candidate_applications_list_interface.png, id=1255, 1114.76476pt x 558.28575pt>
File: images/interfaces/candidate_applications_list_interface.png Graphic file (type png)
<use images/interfaces/candidate_applications_list_interface.png>
Package pdftex.def Info: images/interfaces/candidate_applications_list_interface.png  used on input line 430.
(pdftex.def)             Requested size: 432.48051pt x 216.58905pt.
<images/interfaces/hr_application_pipeline_interface.png, id=1256, 1117.776pt x 554.67226pt>
File: images/interfaces/hr_application_pipeline_interface.png Graphic file (type png)
<use images/interfaces/hr_application_pipeline_interface.png>
Package pdftex.def Info: images/interfaces/hr_application_pipeline_interface.png  used on input line 443.
(pdftex.def)             Requested size: 432.48051pt x 214.61165pt.
 [68 <./images/interfaces/candidate_applications_list_interface.png> <./images/interfaces/hr_application_pipeline_interface.png>]
<images/interfaces/offer_recommendation_interface.png, id=1263, 1121.3895pt x 555.2745pt>
File: images/interfaces/offer_recommendation_interface.png Graphic file (type png)
<use images/interfaces/offer_recommendation_interface.png>
Package pdftex.def Info: images/interfaces/offer_recommendation_interface.png  used on input line 456.
(pdftex.def)             Requested size: 432.48051pt x 214.1499pt.
) [69 <./images/interfaces/offer_recommendation_interface.png>] (chapitre/09-Chapter5.tex
Chapter 5.
\openout3 = `main.mtc'.

\openout3 = `main.mtc'.

(main.mtc6) [70


]
Underfull \hbox (badness 3428) in paragraph at lines 53--53
[]|\T1/ptm/m/n/10.95 Provide trans-pa-rent ex-pla-na-tion fields for score
 []

[71]
<images/diagrammes/sprint 3/use case global sprint 3 - AI analysis and Scoring CV.jpg, id=1296, 583.42969pt x 654.94687pt>
File: images/diagrammes/sprint 3/use case global sprint 3 - AI analysis and Scoring CV.jpg Graphic file (type jpg)
<use images/diagrammes/sprint 3/use case global sprint 3 - AI analysis and Scoring CV.jpg>
Package pdftex.def Info: images/diagrammes/sprint 3/use case global sprint 3 - AI analysis and Scoring CV.jpg  used on input line 107.
(pdftex.def)             Requested size: 409.71692pt x 459.94875pt.
 [72] [73 <./images/diagrammes/sprint 3/use case global sprint 3 - AI analysis and Scoring CV.jpg>]
<images/diagrammes/sprint 3/Activity diagram CV analysis and scoring sprint 3.jpg, id=1307, 829.59938pt x 1411.52344pt>
File: images/diagrammes/sprint 3/Activity diagram CV analysis and scoring sprint 3.jpg Graphic file (type jpg)
<use images/diagrammes/sprint 3/Activity diagram CV analysis and scoring sprint 3.jpg>
Package pdftex.def Info: images/diagrammes/sprint 3/Activity diagram CV analysis and scoring sprint 3.jpg  used on input line 169.
(pdftex.def)             Requested size: 350.5399pt x 596.41113pt.
 [74]
<images/diagrammes/sprint 3/Class diagram sprint 3.jpg, id=1319, 2072.74374pt x 1316.92pt>
File: images/diagrammes/sprint 3/Class diagram sprint 3.jpg Graphic file (type jpg)
<use images/diagrammes/sprint 3/Class diagram sprint 3.jpg>
Package pdftex.def Info: images/diagrammes/sprint 3/Class diagram sprint 3.jpg  used on input line 182.
(pdftex.def)             Requested size: 455.24411pt x 289.24103pt.
 [75 <./images/diagrammes/sprint 3/Activity diagram CV analysis and scoring sprint 3.jpg>]
<images/interfaces/CV Analysis Result Interface.png, id=1324, 1109.94675pt x 554.67226pt>
File: images/interfaces/CV Analysis Result Interface.png Graphic file (type png)
<use images/interfaces/CV Analysis Result Interface.png>
Package pdftex.def Info: images/interfaces/CV Analysis Result Interface.png  used on input line 201.
(pdftex.def)             Requested size: 409.71692pt x 204.74309pt.
 [76 <./images/diagrammes/sprint 3/Class diagram sprint 3.jpg>]
<images/interfaces/Candidate Score Detail Interface.png, id=1329, 1111.15125pt x 552.8655pt>
File: images/interfaces/Candidate Score Detail Interface.png Graphic file (type png)
<use images/interfaces/Candidate Score Detail Interface.png>
Package pdftex.def Info: images/interfaces/Candidate Score Detail Interface.png  used on input line 214.
(pdftex.def)             Requested size: 409.71692pt x 203.85683pt.
<images/interfaces/Candidate Ranking Interface.png, id=1330, 1103.322pt x 552.26324pt>
File: images/interfaces/Candidate Ranking Interface.png Graphic file (type png)
<use images/interfaces/Candidate Ranking Interface.png>
Package pdftex.def Info: images/interfaces/Candidate Ranking Interface.png  used on input line 227.
(pdftex.def)             Requested size: 409.71692pt x 205.07576pt.
 [77 <./images/interfaces/CV Analysis Result Interface.png> <./images/interfaces/Candidate Score Detail Interface.png>]) [78 <./images/interfaces/Candidate Ranking Interface.png>] (chapitre/10-Chapter6.tex
Chapter 6.
\openout3 = `main.mtc'.

\openout3 = `main.mtc'.

(main.mtc7) [79


]
Underfull \hbox (badness 2096) in paragraph at lines 53--53
[]|\T1/ptm/m/n/10.95 Implement real-time no-ti-fi-ca-tions for re-cruit-ment
 []

[80]
<images/diagrammes/sprint 4/use case global sprint 4.jpg, id=1367, 683.55376pt x 752.0597pt>
File: images/diagrammes/sprint 4/use case global sprint 4.jpg Graphic file (type jpg)
<use images/diagrammes/sprint 4/use case global sprint 4.jpg>
Package pdftex.def Info: images/diagrammes/sprint 4/use case global sprint 4.jpg  used on input line 79.
(pdftex.def)             Requested size: 409.71692pt x 450.79175pt.
 [81] [82 <./images/diagrammes/sprint 4/use case global sprint 4.jpg>]
<images/diagrammes/sprint 4/Activity diagram interview planning sprint 4.jpg, id=1376, 855.195pt x 1296.845pt>
File: images/diagrammes/sprint 4/Activity diagram interview planning sprint 4.jpg Graphic file (type jpg)
<use images/diagrammes/sprint 4/Activity diagram interview planning sprint 4.jpg>
Package pdftex.def Info: images/diagrammes/sprint 4/Activity diagram interview planning sprint 4.jpg  used on input line 105.
(pdftex.def)             Requested size: 409.71692pt x 621.31104pt.
 [83] [84 <./images/diagrammes/sprint 4/Activity diagram interview planning sprint 4.jpg>]
<images/interfaces/Interview Scheduling Interface.png, id=1386, 1102.1175pt x 557.08125pt>
File: images/interfaces/Interview Scheduling Interface.png Graphic file (type png)
<use images/interfaces/Interview Scheduling Interface.png>
Package pdftex.def Info: images/interfaces/Interview Scheduling Interface.png  used on input line 124.
(pdftex.def)             Requested size: 409.71692pt x 207.09438pt.
<images/interfaces/Interview Calendar Interface.png, id=1387, 1111.15125pt x 555.2745pt>
File: images/interfaces/Interview Calendar Interface.png Graphic file (type png)
<use images/interfaces/Interview Calendar Interface.png>
Package pdftex.def Info: images/interfaces/Interview Calendar Interface.png  used on input line 137.
(pdftex.def)             Requested size: 409.71692pt x 204.7451pt.
 [85 <./images/interfaces/Interview Scheduling Interface.png>]
<images/interfaces/Candidate Interview Notification Interface.png, id=1393, 1109.3445pt x 506.49225pt>
File: images/interfaces/Candidate Interview Notification Interface.png Graphic file (type png)
<use images/interfaces/Candidate Interview Notification Interface.png>
Package pdftex.def Info: images/interfaces/Candidate Interview Notification Interface.png  used on input line 150.
(pdftex.def)             Requested size: 409.71692pt x 187.06686pt.
) [86 <./images/interfaces/Interview Calendar Interface.png> <./images/interfaces/Candidate Interview Notification Interface.png>] (chapitre/11-Conclusion.tex) [87


] (chapitre/12-Bibliography.tex
Overfull \hbox (5.94124pt too wide) in paragraph at lines 16--17
[]\T1/ptm/m/n/12 JavaScript First Steps [On-line] []$https : / / developer . mozilla . org / en-[]US / docs / Learn / JavaScript /
 []


Overfull \hbox (45.88982pt too wide) in paragraph at lines 24--25
[]\T1/ptm/m/n/12 What is a Pro-duct Ba-ck-log ? [On-line] []$https : / / www . scrum . org / resources / what-[]is-[]a-[]product-[]backlog$[]. 
 []

) [88


] (chapitre/13-Appendix.tex)
Package minitoc Info: I0009
(minitoc)             Listing minitoc auxiliary files. 
(minitoc)             Creating the main.maf file.
\openout3 = `main.maf'.

Package minitoc(hints) Info: I0053
(minitoc(hints))             You have loaded the float package; 
(minitoc(hints))             please be aware that the minitoc package 
(minitoc(hints))             facilities can not be used for new types 
(minitoc(hints))             of floats defined by the float package.
 [89

]
runsystem(latexminted cleantemp  --timestamp 20260602142041 FAD58DE7366495DB4650CFEFAC2FCD61)...disabled (restricted).

 (main.aux)
 ***********
LaTeX2e <2025-11-01>
L3 programming layer <2025-12-24>
 ***********
Package rerunfilecheck Info: File `main.out' has not changed.
(rerunfilecheck)             Checksum: 4C3743F24B51C6C3EBADB5FB833AC54C;22192.
 ) 
Here is how much of TeX's memory you used:
 38825 strings out of 467871
 803821 string characters out of 5419344
 1400446 words of memory out of 5000000
 66650 multiletter control sequences out of 15000+600000
 683004 words of font info for 92 fonts, out of 8000000 for 9000
 1141 hyphenation exceptions out of 8191
 113i,13n,122p,1060b,825s stack positions out of 10000i,1000n,20000p,200000b,200000s
 <C:\Users\MSI\AppData\Local\MiKTeX\fonts/pk/ljfour/jknappen/ec/dpi600\ecrm1095.pk> <C:\Users\MSI\AppData\Local\MiKTeX\fonts/pk/ljfour/jknappen/ec/dpi600\ecbx1095.pk> <C:\Users\MSI\AppData\Local\MiKTeX\fonts/pk/ljfour/jknappen/ec/dpi600\ecbx1440.pk><C:/Users/MSI/AppData/Local/Programs/MiKTeX/fonts/type1/urw/times/utmb8a.pfb><C:/Users/MSI/AppData/Local/Programs/MiKTeX/fonts/type1/urw/times/utmr8a.pfb>
Output written on main.pdf (97 pages, 19212396 bytes).
PDF statistics:
 1661 PDF objects out of 1728 (max. 8388607)
 372 named destinations out of 1000 (max. 500000)
 1240 words of extra memory for PDF output out of 10000 (max. 10000000)

